Archive member included to satisfy reference by file (symbol)

/opt/st/stm32cubeide_1.12.0/plugins/com.st.stm32cube.ide.mcu.externaltools.gnu-tools-for-stm32.10.3-2021.10.linux64_1.0.200.202301161003/tools/bin/../lib/gcc/arm-none-eabi/10.3.1/../../../../arm-none-eabi/lib/thumb/v7e-m+fp/hard/libc_nano.a(lib_a-errno.o)
                              ./Core/Src/syscalls.o (__errno)
/opt/st/stm32cubeide_1.12.0/plugins/com.st.stm32cube.ide.mcu.externaltools.gnu-tools-for-stm32.10.3-2021.10.linux64_1.0.200.202301161003/tools/bin/../lib/gcc/arm-none-eabi/10.3.1/../../../../arm-none-eabi/lib/thumb/v7e-m+fp/hard/libc_nano.a(lib_a-exit.o)
                              /opt/st/stm32cubeide_1.12.0/plugins/com.st.stm32cube.ide.mcu.externaltools.gnu-tools-for-stm32.10.3-2021.10.linux64_1.0.200.202301161003/tools/bin/../lib/gcc/arm-none-eabi/10.3.1/../../../../arm-none-eabi/lib/thumb/v7e-m+fp/hard/crt0.o (exit)
/opt/st/stm32cubeide_1.12.0/plugins/com.st.stm32cube.ide.mcu.externaltools.gnu-tools-for-stm32.10.3-2021.10.linux64_1.0.200.202301161003/tools/bin/../lib/gcc/arm-none-eabi/10.3.1/../../../../arm-none-eabi/lib/thumb/v7e-m+fp/hard/libc_nano.a(lib_a-impure.o)
                              /opt/st/stm32cubeide_1.12.0/plugins/com.st.stm32cube.ide.mcu.externaltools.gnu-tools-for-stm32.10.3-2021.10.linux64_1.0.200.202301161003/tools/bin/../lib/gcc/arm-none-eabi/10.3.1/../../../../arm-none-eabi/lib/thumb/v7e-m+fp/hard/libc_nano.a(lib_a-exit.o) (_global_impure_ptr)
/opt/st/stm32cubeide_1.12.0/plugins/com.st.stm32cube.ide.mcu.externaltools.gnu-tools-for-stm32.10.3-2021.10.linux64_1.0.200.202301161003/tools/bin/../lib/gcc/arm-none-eabi/10.3.1/../../../../arm-none-eabi/lib/thumb/v7e-m+fp/hard/libc_nano.a(lib_a-init.o)
                              /opt/st/stm32cubeide_1.12.0/plugins/com.st.stm32cube.ide.mcu.externaltools.gnu-tools-for-stm32.10.3-2021.10.linux64_1.0.200.202301161003/tools/bin/../lib/gcc/arm-none-eabi/10.3.1/../../../../arm-none-eabi/lib/thumb/v7e-m+fp/hard/crt0.o (__libc_init_array)
/opt/st/stm32cubeide_1.12.0/plugins/com.st.stm32cube.ide.mcu.externaltools.gnu-tools-for-stm32.10.3-2021.10.linux64_1.0.200.202301161003/tools/bin/../lib/gcc/arm-none-eabi/10.3.1/../../../../arm-none-eabi/lib/thumb/v7e-m+fp/hard/libc_nano.a(lib_a-memset.o)
                              /opt/st/stm32cubeide_1.12.0/plugins/com.st.stm32cube.ide.mcu.externaltools.gnu-tools-for-stm32.10.3-2021.10.linux64_1.0.200.202301161003/tools/bin/../lib/gcc/arm-none-eabi/10.3.1/../../../../arm-none-eabi/lib/thumb/v7e-m+fp/hard/crt0.o (memset)
/opt/st/stm32cubeide_1.12.0/plugins/com.st.stm32cube.ide.mcu.externaltools.gnu-tools-for-stm32.10.3-2021.10.linux64_1.0.200.202301161003/tools/bin/../lib/gcc/arm-none-eabi/10.3.1/thumb/v7e-m+fp/hard/libgcc.a(_aeabi_uldivmod.o)
                              ./Drivers/STM32F4xx_HAL_Driver/stm32f4xx_hal_rcc.o (__aeabi_uldivmod)
/opt/st/stm32cubeide_1.12.0/plugins/com.st.stm32cube.ide.mcu.externaltools.gnu-tools-for-stm32.10.3-2021.10.linux64_1.0.200.202301161003/tools/bin/../lib/gcc/arm-none-eabi/10.3.1/thumb/v7e-m+fp/hard/libgcc.a(_udivmoddi4.o)
                              /opt/st/stm32cubeide_1.12.0/plugins/com.st.stm32cube.ide.mcu.externaltools.gnu-tools-for-stm32.10.3-2021.10.linux64_1.0.200.202301161003/tools/bin/../lib/gcc/arm-none-eabi/10.3.1/thumb/v7e-m+fp/hard/libgcc.a(_aeabi_uldivmod.o) (__udivmoddi4)
/opt/st/stm32cubeide_1.12.0/plugins/com.st.stm32cube.ide.mcu.externaltools.gnu-tools-for-stm32.10.3-2021.10.linux64_1.0.200.202301161003/tools/bin/../lib/gcc/arm-none-eabi/10.3.1/thumb/v7e-m+fp/hard/libgcc.a(_dvmd_tls.o)
                              /opt/st/stm32cubeide_1.12.0/plugins/com.st.stm32cube.ide.mcu.externaltools.gnu-tools-for-stm32.10.3-2021.10.linux64_1.0.200.202301161003/tools/bin/../lib/gcc/arm-none-eabi/10.3.1/thumb/v7e-m+fp/hard/libgcc.a(_aeabi_uldivmod.o) (__aeabi_ldiv0)

Discarded input sections

 .text          0x0000000000000000        0x0 /opt/st/stm32cubeide_1.12.0/plugins/com.st.stm32cube.ide.mcu.externaltools.gnu-tools-for-stm32.10.3-2021.10.linux64_1.0.200.202301161003/tools/bin/../lib/gcc/arm-none-eabi/10.3.1/thumb/v7e-m+fp/hard/crti.o
 .data          0x0000000000000000        0x0 /opt/st/stm32cubeide_1.12.0/plugins/com.st.stm32cube.ide.mcu.externaltools.gnu-tools-for-stm32.10.3-2021.10.linux64_1.0.200.202301161003/tools/bin/../lib/gcc/arm-none-eabi/10.3.1/thumb/v7e-m+fp/hard/crti.o
 .bss           0x0000000000000000        0x0 /opt/st/stm32cubeide_1.12.0/plugins/com.st.stm32cube.ide.mcu.externaltools.gnu-tools-for-stm32.10.3-2021.10.linux64_1.0.200.202301161003/tools/bin/../lib/gcc/arm-none-eabi/10.3.1/thumb/v7e-m+fp/hard/crti.o
 .data          0x0000000000000000        0x4 /opt/st/stm32cubeide_1.12.0/plugins/com.st.stm32cube.ide.mcu.externaltools.gnu-tools-for-stm32.10.3-2021.10.linux64_1.0.200.202301161003/tools/bin/../lib/gcc/arm-none-eabi/10.3.1/thumb/v7e-m+fp/hard/crtbegin.o
[...]
Memory Configuration

Name             Origin             Length             Attributes
CCMRAM           0x0000000010000000 0x0000000000010000 xrw
RAM              0x0000000020000000 0x0000000000030000 xrw
FLASH            0x0000000008000000 0x0000000000200000 xr
*default*        0x0000000000000000 0xffffffffffffffff

Linker script and memory map

LOAD /opt/st/stm32cubeide_1.12.0/plugins/com.st.stm32cube.ide.mcu.externaltools.gnu-tools-for-stm32.10.3-2021.10.linux64_1.0.200.202301161003/tools/bin/../lib/gcc/arm-none-eabi/10.3.1/thumb/v7e-m+fp/hard/crti.o
LOAD /opt/st/stm32cubeide_1.12.0/plugins/com.st.stm32cube.ide.mcu.externaltools.gnu-tools-for-stm32.10.3-2021.10.linux64_1.0.200.202301161003/tools/bin/../lib/gcc/arm-none-eabi/10.3.1/thumb/v7e-m+fp/hard/crtbegin.o
LOAD /opt/st/stm32cubeide_1.12.0/plugins/com.st.stm32cube.ide.mcu.externaltools.gnu-tools-for-stm32.10.3-2021.10.linux64_1.0.200.202301161003/tools/bin/../lib/gcc/arm-none-eabi/10.3.1/../../../../arm-none-eabi/lib/thumb/v7e-m+fp/hard/crt0.o
LOAD ./Core/Src/asm_func.o
LOAD ./Core/Src/main.o
LOAD ./Core/Src/stm32f4xx_hal_msp.o
LOAD ./Core/Src/stm32f4xx_it.o
LOAD ./Core/Src/syscalls.o
LOAD ./Core/Src/sysmem.o
LOAD ./Core/Src/system_stm32f4xx.o
LOAD ./Core/Startup/startup_stm32f429zitx.o
LOAD ./Drivers/STM32F4xx_HAL_Driver/stm32f4xx_hal.o
LOAD ./Drivers/STM32F4xx_HAL_Driver/stm32f4xx_hal_cortex.o
LOAD ./Drivers/STM32F4xx_HAL_Driver/stm32f4xx_hal_dma.o
LOAD ./Drivers/STM32F4xx_HAL_Driver/stm32f4xx_hal_dma_ex.o
LOAD ./Drivers/STM32F4xx_HAL_Driver/stm32f4xx_hal_eth.o
LOAD ./Drivers/STM32F4xx_HAL_Driver/stm32f4xx_hal_exti.o
LOAD ./Drivers/STM32F4xx_HAL_Driver/stm32f4xx_hal_flash.o
LOAD ./Drivers/STM32F4xx_HAL_Driver/stm32f4xx_hal_flash_ex.o
LOAD ./Drivers/STM32F4xx_HAL_Driver/stm32f4xx_hal_flash_ramfunc.o
LOAD ./Drivers/STM32F4xx_HAL_Driver/stm32f4xx_hal_gpio.o
LOAD ./Drivers/STM32F4xx_HAL_Driver/stm32f4xx_hal_pcd.o
LOAD ./Drivers/STM32F4xx_HAL_Driver/stm32f4xx_hal_pcd_ex.o
LOAD ./Drivers/STM32F4xx_HAL_Driver/stm32f4xx_hal_pwr.o
LOAD ./Drivers/STM32F4xx_HAL_Driver/stm32f4xx_hal_pwr_ex.o
LOAD ./Drivers/STM32F4xx_HAL_Driver/stm32f4xx_hal_rcc.o
LOAD ./Drivers/STM32F4xx_HAL_Driver/stm32f4xx_hal_rcc_ex.o
LOAD ./Drivers/STM32F4xx_HAL_Driver/stm32f4xx_hal_tim.o
LOAD ./Drivers/STM32F4xx_HAL_Driver/stm32f4xx_hal_tim_ex.o
LOAD ./Drivers/STM32F4xx_HAL_Driver/stm32f4xx_hal_uart.o
LOAD ./Drivers/STM32F4xx_HAL_Driver/stm32f4xx_ll_usb.o
START GROUP
LOAD /opt/st/stm32cubeide_1.12.0/plugins/com.st.stm32cube.ide.mcu.externaltools.gnu-tools-for-stm32.10.3-2021.10.linux64_1.0.200.202301161003/tools/bin/../lib/gcc/arm-none-eabi/10.3.1/../../../../arm-none-eabi/lib/thumb/v7e-m+fp/hard/libc_nano.a
LOAD /opt/st/stm32cubeide_1.12.0/plugins/com.st.stm32cube.ide.mcu.externaltools.gnu-tools-for-stm32.10.3-2021.10.linux64_1.0.200.202301161003/tools/bin/../lib/gcc/arm-none-eabi/10.3.1/../../../../arm-none-eabi/lib/thumb/v7e-m+fp/hard/libm.a
END GROUP
START GROUP
LOAD /opt/st/stm32cubeide_1.12.0/plugins/com.st.stm32cube.ide.mcu.externaltools.gnu-tools-for-stm32.10.3-2021.10.linux64_1.0.200.202301161003/tools/bin/../lib/gcc/arm-none-eabi/10.3.1/thumb/v7e-m+fp/hard/libgcc.a
LOAD /opt/st/stm32cubeide_1.12.0/plugins/com.st.stm32cube.ide.mcu.externaltools.gnu-tools-for-stm32.10.3-2021.10.linux64_1.0.200.202301161003/tools/bin/../lib/gcc/arm-none-eabi/10.3.1/../../../../arm-none-eabi/lib/thumb/v7e-m+fp/hard/libc_nano.a
END GROUP
START GROUP
LOAD /opt/st/stm32cubeide_1.12.0/plugins/com.st.stm32cube.ide.mcu.externaltools.gnu-tools-for-stm32.10.3-2021.10.linux64_1.0.200.202301161003/tools/bin/../lib/gcc/arm-none-eabi/10.3.1/thumb/v7e-m+fp/hard/libgcc.a
LOAD /opt/st/stm32cubeide_1.12.0/plugins/com.st.stm32cube.ide.mcu.externaltools.gnu-tools-for-stm32.10.3-2021.10.linux64_1.0.200.202301161003/tools/bin/../lib/gcc/arm-none-eabi/10.3.1/../../../../arm-none-eabi/lib/thumb/v7e-m+fp/hard/libc_nano.a
LOAD /opt/st/stm32cubeide_1.12.0/plugins/com.st.stm32cube.ide.mcu.externaltools.gnu-tools-for-stm32.10.3-2021.10.linux64_1.0.200.202301161003/tools/bin/../lib/gcc/arm-none-eabi/10.3.1/../../../../arm-none-eabi/lib/thumb/v7e-m+fp/hard/libnosys.a
END GROUP
START GROUP
LOAD /opt/st/stm32cubeide_1.12.0/plugins/com.st.stm32cube.ide.mcu.externaltools.gnu-tools-for-stm32.10.3-2021.10.linux64_1.0.200.202301161003/tools/bin/../lib/gcc/arm-none-eabi/10.3.1/thumb/v7e-m+fp/hard/libgcc.a
LOAD /opt/st/stm32cubeide_1.12.0/plugins/com.st.stm32cube.ide.mcu.externaltools.gnu-tools-for-stm32.10.3-2021.10.linux64_1.0.200.202301161003/tools/bin/../lib/gcc/arm-none-eabi/10.3.1/../../../../arm-none-eabi/lib/thumb/v7e-m+fp/hard/libc_nano.a
LOAD /opt/st/stm32cubeide_1.12.0/plugins/com.st.stm32cube.ide.mcu.externaltools.gnu-tools-for-stm32.10.3-2021.10.linux64_1.0.200.202301161003/tools/bin/../lib/gcc/arm-none-eabi/10.3.1/../../../../arm-none-eabi/lib/thumb/v7e-m+fp/hard/libnosys.a
END GROUP
LOAD /opt/st/stm32cubeide_1.12.0/plugins/com.st.stm32cube.ide.mcu.externaltools.gnu-tools-for-stm32.10.3-2021.10.linux64_1.0.200.202301161003/tools/bin/../lib/gcc/arm-none-eabi/10.3.1/thumb/v7e-m+fp/hard/crtend.o
LOAD /opt/st/stm32cubeide_1.12.0/plugins/com.st.stm32cube.ide.mcu.externaltools.gnu-tools-for-stm32.10.3-2021.10.linux64_1.0.200.202301161003/tools/bin/../lib/gcc/arm-none-eabi/10.3.1/thumb/v7e-m+fp/hard/crtn.o
                0x0000000020030000                _estack = (ORIGIN (RAM) + LENGTH (RAM))
                0x0000000000000200                _Min_Heap_Size = 0x200
                0x0000000000000400                _Min_Stack_Size = 0x400

.isr_vector     0x0000000008000000      0x1ac
                0x0000000008000000                . = ALIGN (0x4)
 *(.isr_vector)
 .isr_vector    0x0000000008000000      0x1ac ./Core/Startup/startup_stm32f429zitx.o
                0x0000000008000000                g_pfnVectors
                0x00000000080001ac                . = ALIGN (0x4)

.text           0x00000000080001ac     0x2fac
                0x00000000080001ac                . = ALIGN (0x4)
 *(.text)
 .text          0x00000000080001ac       0x40 /opt/st/stm32cubeide_1.12.0/plugins/com.st.stm32cube.ide.mcu.externaltools.gnu-tools-for-stm32.10.3-2021.10.linux64_1.0.200.202301161003/tools/bin/../lib/gcc/arm-none-eabi/10.3.1/thumb/v7e-m+fp/hard/crtbegin.o
 .text          0x00000000080001ec        0x8 ./Core/Src/asm_func.o
                0x00000000080001ec                asm_svc
                0x00000000080001f0                asm_sum
 .text          0x00000000080001f4       0x30 /opt/st/stm32cubeide_1.12.0/plugins/com.st.stm32cube.ide.mcu.externaltools.gnu-tools-for-stm32.10.3-2021.10.linux64_1.0.200.202301161003/tools/bin/../lib/gcc/arm-none-eabi/10.3.1/thumb/v7e-m+fp/hard/libgcc.a(_aeabi_uldivmod.o)
                0x00000000080001f4                __aeabi_uldivmod
 .text          0x0000000008000224      0x2d0 /opt/st/stm32cubeide_1.12.0/plugins/com.st.stm32cube.ide.mcu.externaltools.gnu-tools-for-stm32.10.3-2021.10.linux64_1.0.200.202301161003/tools/bin/../lib/gcc/arm-none-eabi/10.3.1/thumb/v7e-m+fp/hard/libgcc.a(_udivmoddi4.o)
                0x0000000008000224                __udivmoddi4
 .text          0x00000000080004f4        0x4 /opt/st/stm32cubeide_1.12.0/plugins/com.st.stm32cube.ide.mcu.externaltools.gnu-tools-for-stm32.10.3-2021.10.linux64_1.0.200.202301161003/tools/bin/../lib/gcc/arm-none-eabi/10.3.1/thumb/v7e-m+fp/hard/libgcc.a(_dvmd_tls.o)
                0x00000000080004f4                __aeabi_ldiv0
                0x00000000080004f4                __aeabi_idiv0
 *(.text*)
 .text.PrivilegiosSVC
                0x00000000080004f8       0x62 ./Core/Src/main.o
 .text.main     0x000000000800055a       0x2e ./Core/Src/main.o
                0x000000000800055a                main
 .text.SystemClock_Config
                0x0000000008000588       0xd4 ./Core/Src/main.o
                0x0000000008000588                SystemClock_Config
 .text.MX_ETH_Init
                0x000000000800065c       0x9c ./Core/Src/main.o
 .text.MX_USART3_UART_Init
                0x00000000080006f8       0x54 ./Core/Src/main.o
 .text.MX_USB_OTG_FS_PCD_Init
                0x000000000800074c       0x5c ./Core/Src/main.o
 .text.MX_GPIO_Init
                0x00000000080007a8      0x15c ./Core/Src/main.o
 .text.Error_Handler
                0x0000000008000904        0xa ./Core/Src/main.o
                0x0000000008000904                Error_Handler
 *fill*         0x000000000800090e        0x2 
 .text.HAL_MspInit
                0x0000000008000910       0x50 ./Core/Src/stm32f4xx_hal_msp.o
                0x0000000008000910                HAL_MspInit
 .text.HAL_ETH_MspInit
                0x0000000008000960      0x18c ./Core/Src/stm32f4xx_hal_msp.o
                0x0000000008000960                HAL_ETH_MspInit
 .text.HAL_UART_MspInit
                0x0000000008000aec       0x90 ./Core/Src/stm32f4xx_hal_msp.o
                0x0000000008000aec                HAL_UART_MspInit
 .text.HAL_PCD_MspInit
                0x0000000008000b7c       0xb4 ./Core/Src/stm32f4xx_hal_msp.o
                0x0000000008000b7c                HAL_PCD_MspInit
 .text.NMI_Handler
                0x0000000008000c30        0x6 ./Core/Src/stm32f4xx_it.o
                0x0000000008000c30                NMI_Handler
 .text.HardFault_Handler
                0x0000000008000c36        0x6 ./Core/Src/stm32f4xx_it.o
                0x0000000008000c36                HardFault_Handler
 .text.MemManage_Handler
                0x0000000008000c3c        0x6 ./Core/Src/stm32f4xx_it.o
                0x0000000008000c3c                MemManage_Handler
 .text.BusFault_Handler
                0x0000000008000c42        0x6 ./Core/Src/stm32f4xx_it.o
                0x0000000008000c42                BusFault_Handler
 .text.UsageFault_Handler
                0x0000000008000c48        0x6 ./Core/Src/stm32f4xx_it.o
                0x0000000008000c48                UsageFault_Handler
 .text.SVC_Handler
                0x0000000008000c4e       0x30 ./Core/Src/stm32f4xx_it.o
                0x0000000008000c4e                SVC_Handler
 .text.DebugMon_Handler
                0x0000000008000c7e        0xe ./Core/Src/stm32f4xx_it.o
                0x0000000008000c7e                DebugMon_Handler
 .text.PendSV_Handler
                0x0000000008000c8c        0xe ./Core/Src/stm32f4xx_it.o
                0x0000000008000c8c                PendSV_Handler
 .text.SysTick_Handler
                0x0000000008000c9a        0xc ./Core/Src/stm32f4xx_it.o
                0x0000000008000c9a                SysTick_Handler
 *fill*         0x0000000008000ca6        0x2 
 .text.SystemInit
                0x0000000008000ca8       0x24 ./Core/Src/system_stm32f4xx.o
                0x0000000008000ca8                SystemInit
 .text.Reset_Handler
                0x0000000008000ccc       0x54 ./Core/Startup/startup_stm32f429zitx.o
                0x0000000008000ccc                Reset_Handler
 .text.Default_Handler
                0x0000000008000d20        0x2 ./Core/Startup/startup_stm32f429zitx.o
                0x0000000008000d20                RTC_Alarm_IRQHandler
                0x0000000008000d20                HASH_RNG_IRQHandler
                0x0000000008000d20                EXTI2_IRQHandler
                0x0000000008000d20                TIM8_CC_IRQHandler
                0x0000000008000d20                UART8_IRQHandler
                0x0000000008000d20                SPI4_IRQHandler
                0x0000000008000d20                TIM1_CC_IRQHandler
                0x0000000008000d20                DMA2_Stream5_IRQHandler
                0x0000000008000d20                DMA1_Stream5_IRQHandler
                0x0000000008000d20                PVD_IRQHandler
                0x0000000008000d20                SDIO_IRQHandler
                0x0000000008000d20                TAMP_STAMP_IRQHandler
                0x0000000008000d20                CAN2_RX1_IRQHandler
                0x0000000008000d20                EXTI3_IRQHandler
                0x0000000008000d20                TIM8_TRG_COM_TIM14_IRQHandler
                0x0000000008000d20                TIM1_UP_TIM10_IRQHandler
                0x0000000008000d20                TIM8_UP_TIM13_IRQHandler
                0x0000000008000d20                I2C3_ER_IRQHandler
                0x0000000008000d20                EXTI0_IRQHandler
                0x0000000008000d20                I2C2_EV_IRQHandler
                0x0000000008000d20                DMA1_Stream2_IRQHandler
                0x0000000008000d20                CAN1_RX0_IRQHandler
                0x0000000008000d20                FPU_IRQHandler
                0x0000000008000d20                OTG_HS_WKUP_IRQHandler
                0x0000000008000d20                LTDC_ER_IRQHandler
                0x0000000008000d20                CAN2_SCE_IRQHandler
                0x0000000008000d20                DMA2_Stream2_IRQHandler
                0x0000000008000d20                SPI1_IRQHandler
                0x0000000008000d20                TIM6_DAC_IRQHandler
                0x0000000008000d20                TIM1_BRK_TIM9_IRQHandler
                0x0000000008000d20                DCMI_IRQHandler
                0x0000000008000d20                CAN2_RX0_IRQHandler
                0x0000000008000d20                DMA2_Stream3_IRQHandler
                0x0000000008000d20                USART6_IRQHandler
                0x0000000008000d20                USART3_IRQHandler
                0x0000000008000d20                CAN1_RX1_IRQHandler
                0x0000000008000d20                UART5_IRQHandler
                0x0000000008000d20                DMA2_Stream0_IRQHandler
                0x0000000008000d20                TIM4_IRQHandler
                0x0000000008000d20                I2C1_EV_IRQHandler
                0x0000000008000d20                DMA1_Stream6_IRQHandler
                0x0000000008000d20                DMA1_Stream1_IRQHandler
                0x0000000008000d20                UART4_IRQHandler
                0x0000000008000d20                TIM3_IRQHandler
                0x0000000008000d20                RCC_IRQHandler
                0x0000000008000d20                TIM8_BRK_TIM12_IRQHandler
                0x0000000008000d20                Default_Handler
                0x0000000008000d20                EXTI15_10_IRQHandler
                0x0000000008000d20                ADC_IRQHandler
                0x0000000008000d20                DMA1_Stream7_IRQHandler
                0x0000000008000d20                SPI5_IRQHandler
                0x0000000008000d20                TIM7_IRQHandler
                0x0000000008000d20                CAN2_TX_IRQHandler
                0x0000000008000d20                TIM5_IRQHandler
                0x0000000008000d20                DMA2_Stream7_IRQHandler
                0x0000000008000d20                I2C3_EV_IRQHandler
                0x0000000008000d20                EXTI9_5_IRQHandler
                0x0000000008000d20                RTC_WKUP_IRQHandler
                0x0000000008000d20                LTDC_IRQHandler
                0x0000000008000d20                ETH_WKUP_IRQHandler
                0x0000000008000d20                SPI2_IRQHandler
                0x0000000008000d20                OTG_HS_EP1_IN_IRQHandler
                0x0000000008000d20                DMA1_Stream0_IRQHandler
                0x0000000008000d20                CAN1_TX_IRQHandler
                0x0000000008000d20                EXTI4_IRQHandler
                0x0000000008000d20                ETH_IRQHandler
                0x0000000008000d20                OTG_HS_EP1_OUT_IRQHandler
                0x0000000008000d20                WWDG_IRQHandler
                0x0000000008000d20                SPI6_IRQHandler
                0x0000000008000d20                TIM2_IRQHandler
                0x0000000008000d20                OTG_FS_WKUP_IRQHandler
                0x0000000008000d20                TIM1_TRG_COM_TIM11_IRQHandler
                0x0000000008000d20                OTG_HS_IRQHandler
                0x0000000008000d20                DMA2D_IRQHandler
                0x0000000008000d20                EXTI1_IRQHandler
                0x0000000008000d20                UART7_IRQHandler
                0x0000000008000d20                USART2_IRQHandler
                0x0000000008000d20                I2C2_ER_IRQHandler
                0x0000000008000d20                DMA2_Stream1_IRQHandler
                0x0000000008000d20                CAN1_SCE_IRQHandler
                0x0000000008000d20                FLASH_IRQHandler
                0x0000000008000d20                DMA2_Stream4_IRQHandler
                0x0000000008000d20                USART1_IRQHandler
                0x0000000008000d20                OTG_FS_IRQHandler
                0x0000000008000d20                SPI3_IRQHandler
                0x0000000008000d20                DMA1_Stream4_IRQHandler
                0x0000000008000d20                I2C1_ER_IRQHandler
                0x0000000008000d20                FMC_IRQHandler
                0x0000000008000d20                DMA2_Stream6_IRQHandler
                0x0000000008000d20                SAI1_IRQHandler
                0x0000000008000d20                DMA1_Stream3_IRQHandler
 *fill*         0x0000000008000d22        0x2 
 .text.HAL_Init
                0x0000000008000d24       0x44 ./Drivers/STM32F4xx_HAL_Driver/stm32f4xx_hal.o
                0x0000000008000d24                HAL_Init
 .text.HAL_InitTick
                0x0000000008000d68       0x60 ./Drivers/STM32F4xx_HAL_Driver/stm32f4xx_hal.o
                0x0000000008000d68                HAL_InitTick
 .text.HAL_IncTick
                0x0000000008000dc8       0x28 ./Drivers/STM32F4xx_HAL_Driver/stm32f4xx_hal.o
                0x0000000008000dc8                HAL_IncTick
 .text.HAL_GetTick
                0x0000000008000df0       0x18 ./Drivers/STM32F4xx_HAL_Driver/stm32f4xx_hal.o
                0x0000000008000df0                HAL_GetTick
 .text.HAL_Delay
                0x0000000008000e08       0x48 ./Drivers/STM32F4xx_HAL_Driver/stm32f4xx_hal.o
                0x0000000008000e08                HAL_Delay
 .text.__NVIC_SetPriorityGrouping
                0x0000000008000e50       0x48 ./Drivers/STM32F4xx_HAL_Driver/stm32f4xx_hal_cortex.o
 .text.__NVIC_GetPriorityGrouping
                0x0000000008000e98       0x1c ./Drivers/STM32F4xx_HAL_Driver/stm32f4xx_hal_cortex.o
 .text.__NVIC_SetPriority
                0x0000000008000eb4       0x54 ./Drivers/STM32F4xx_HAL_Driver/stm32f4xx_hal_cortex.o
 .text.NVIC_EncodePriority
                0x0000000008000f08       0x66 ./Drivers/STM32F4xx_HAL_Driver/stm32f4xx_hal_cortex.o
 *fill*         0x0000000008000f6e        0x2 
 .text.SysTick_Config
                0x0000000008000f70       0x44 ./Drivers/STM32F4xx_HAL_Driver/stm32f4xx_hal_cortex.o
 .text.HAL_NVIC_SetPriorityGrouping
                0x0000000008000fb4       0x16 ./Drivers/STM32F4xx_HAL_Driver/stm32f4xx_hal_cortex.o
                0x0000000008000fb4                HAL_NVIC_SetPriorityGrouping
 .text.HAL_NVIC_SetPriority
                0x0000000008000fca       0x38 ./Drivers/STM32F4xx_HAL_Driver/stm32f4xx_hal_cortex.o
                0x0000000008000fca                HAL_NVIC_SetPriority
 .text.HAL_SYSTICK_Config
                0x0000000008001002       0x18 ./Drivers/STM32F4xx_HAL_Driver/stm32f4xx_hal_cortex.o
                0x0000000008001002                HAL_SYSTICK_Config
 *fill*         0x000000000800101a        0x2 
 .text.HAL_ETH_Init
                0x000000000800101c       0xfc ./Drivers/STM32F4xx_HAL_Driver/stm32f4xx_hal_eth.o
                0x000000000800101c                HAL_ETH_Init
 .text.ETH_SetMACConfig
                0x0000000008001118      0x160 ./Drivers/STM32F4xx_HAL_Driver/stm32f4xx_hal_eth.o
 .text.ETH_SetDMAConfig
                0x0000000008001278      0x114 ./Drivers/STM32F4xx_HAL_Driver/stm32f4xx_hal_eth.o
 .text.ETH_MACDMAConfig
                0x000000000800138c       0xe4 ./Drivers/STM32F4xx_HAL_Driver/stm32f4xx_hal_eth.o
 .text.ETH_MACAddressConfig
                0x0000000008001470       0x70 ./Drivers/STM32F4xx_HAL_Driver/stm32f4xx_hal_eth.o
 .text.ETH_DMATxDescListInit
                0x00000000080014e0       0xb2 ./Drivers/STM32F4xx_HAL_Driver/stm32f4xx_hal_eth.o
 .text.ETH_DMARxDescListInit
                0x0000000008001592       0xda ./Drivers/STM32F4xx_HAL_Driver/stm32f4xx_hal_eth.o
 .text.HAL_GPIO_Init
                0x000000000800166c      0x358 ./Drivers/STM32F4xx_HAL_Driver/stm32f4xx_hal_gpio.o
                0x000000000800166c                HAL_GPIO_Init
 .text.HAL_GPIO_WritePin
                0x00000000080019c4       0x32 ./Drivers/STM32F4xx_HAL_Driver/stm32f4xx_hal_gpio.o
                0x00000000080019c4                HAL_GPIO_WritePin
 .text.HAL_PCD_Init
                0x00000000080019f6      0x23a ./Drivers/STM32F4xx_HAL_Driver/stm32f4xx_hal_pcd.o
                0x00000000080019f6                HAL_PCD_Init
 .text.HAL_RCC_OscConfig
                0x0000000008001c30      0x4f0 ./Drivers/STM32F4xx_HAL_Driver/stm32f4xx_hal_rcc.o
                0x0000000008001c30                HAL_RCC_OscConfig
 .text.HAL_RCC_ClockConfig
                0x0000000008002120      0x1cc ./Drivers/STM32F4xx_HAL_Driver/stm32f4xx_hal_rcc.o
                0x0000000008002120                HAL_RCC_ClockConfig
 .text.HAL_RCC_GetSysClockFreq
                0x00000000080022ec      0x20c ./Drivers/STM32F4xx_HAL_Driver/stm32f4xx_hal_rcc.o
                0x00000000080022ec                HAL_RCC_GetSysClockFreq
 .text.HAL_RCC_GetHCLKFreq
                0x00000000080024f8       0x18 ./Drivers/STM32F4xx_HAL_Driver/stm32f4xx_hal_rcc.o
                0x00000000080024f8                HAL_RCC_GetHCLKFreq
 .text.HAL_RCC_GetPCLK1Freq
                0x0000000008002510       0x28 ./Drivers/STM32F4xx_HAL_Driver/stm32f4xx_hal_rcc.o
                0x0000000008002510                HAL_RCC_GetPCLK1Freq
 .text.HAL_RCC_GetPCLK2Freq
                0x0000000008002538       0x28 ./Drivers/STM32F4xx_HAL_Driver/stm32f4xx_hal_rcc.o
                0x0000000008002538                HAL_RCC_GetPCLK2Freq
 .text.HAL_UART_Init
                0x0000000008002560       0x9a ./Drivers/STM32F4xx_HAL_Driver/stm32f4xx_hal_uart.o
                0x0000000008002560                HAL_UART_Init
 *fill*         0x00000000080025fa        0x2 
 .text.UART_SetConfig
                0x00000000080025fc      0x4e8 ./Drivers/STM32F4xx_HAL_Driver/stm32f4xx_hal_uart.o
 .text.USB_CoreInit
                0x0000000008002ae4       0xc2 ./Drivers/STM32F4xx_HAL_Driver/stm32f4xx_ll_usb.o
                0x0000000008002ae4                USB_CoreInit
 .text.USB_DisableGlobalInt
                0x0000000008002ba6       0x22 ./Drivers/STM32F4xx_HAL_Driver/stm32f4xx_ll_usb.o
                0x0000000008002ba6                USB_DisableGlobalInt
 .text.USB_SetCurrentMode
                0x0000000008002bc8       0x98 ./Drivers/STM32F4xx_HAL_Driver/stm32f4xx_ll_usb.o
                0x0000000008002bc8                USB_SetCurrentMode
 .text.USB_DevInit
                0x0000000008002c60      0x2c8 ./Drivers/STM32F4xx_HAL_Driver/stm32f4xx_ll_usb.o
                0x0000000008002c60                USB_DevInit
 .text.USB_FlushTxFifo
                0x0000000008002f28       0x68 ./Drivers/STM32F4xx_HAL_Driver/stm32f4xx_ll_usb.o
                0x0000000008002f28                USB_FlushTxFifo
 .text.USB_FlushRxFifo
                0x0000000008002f90       0x60 ./Drivers/STM32F4xx_HAL_Driver/stm32f4xx_ll_usb.o
                0x0000000008002f90                USB_FlushRxFifo
 .text.USB_SetDevSpeed
                0x0000000008002ff0       0x32 ./Drivers/STM32F4xx_HAL_Driver/stm32f4xx_ll_usb.o
                0x0000000008002ff0                USB_SetDevSpeed
 .text.USB_DevDisconnect
                0x0000000008003022       0x42 ./Drivers/STM32F4xx_HAL_Driver/stm32f4xx_ll_usb.o
                0x0000000008003022                USB_DevDisconnect
 .text.USB_GetMode
                0x0000000008003064       0x1c ./Drivers/STM32F4xx_HAL_Driver/stm32f4xx_ll_usb.o
                0x0000000008003064                USB_GetMode
 .text.USB_CoreReset
                0x0000000008003080       0x68 ./Drivers/STM32F4xx_HAL_Driver/stm32f4xx_ll_usb.o
 .text.__libc_init_array
                0x00000000080030e8       0x48 /opt/st/stm32cubeide_1.12.0/plugins/com.st.stm32cube.ide.mcu.externaltools.gnu-tools-for-stm32.10.3-2021.10.linux64_1.0.200.202301161003/tools/bin/../lib/gcc/arm-none-eabi/10.3.1/../../../../arm-none-eabi/lib/thumb/v7e-m+fp/hard/libc_nano.a(lib_a-init.o)
                0x00000000080030e8                __libc_init_array
 .text.memset   0x0000000008003130       0x10 /opt/st/stm32cubeide_1.12.0/plugins/com.st.stm32cube.ide.mcu.externaltools.gnu-tools-for-stm32.10.3-2021.10.linux64_1.0.200.202301161003/tools/bin/../lib/gcc/arm-none-eabi/10.3.1/../../../../arm-none-eabi/lib/thumb/v7e-m+fp/hard/libc_nano.a(lib_a-memset.o)
                0x0000000008003130                memset
 *(.glue_7)
 .glue_7        0x0000000008003140        0x0 linker stubs
 *(.glue_7t)
 .glue_7t       0x0000000008003140        0x0 linker stubs
 *(.eh_frame)
 .eh_frame      0x0000000008003140        0x0 /opt/st/stm32cubeide_1.12.0/plugins/com.st.stm32cube.ide.mcu.externaltools.gnu-tools-for-stm32.10.3-2021.10.linux64_1.0.200.202301161003/tools/bin/../lib/gcc/arm-none-eabi/10.3.1/thumb/v7e-m+fp/hard/crtbegin.o
 *(.init)
 .init          0x0000000008003140        0x4 /opt/st/stm32cubeide_1.12.0/plugins/com.st.stm32cube.ide.mcu.externaltools.gnu-tools-for-stm32.10.3-2021.10.linux64_1.0.200.202301161003/tools/bin/../lib/gcc/arm-none-eabi/10.3.1/thumb/v7e-m+fp/hard/crti.o
                0x0000000008003140                _init
 .init          0x0000000008003144        0x8 /opt/st/stm32cubeide_1.12.0/plugins/com.st.stm32cube.ide.mcu.externaltools.gnu-tools-for-stm32.10.3-2021.10.linux64_1.0.200.202301161003/tools/bin/../lib/gcc/arm-none-eabi/10.3.1/thumb/v7e-m+fp/hard/crtn.o
 *(.fini)
 .fini          0x000000000800314c        0x4 /opt/st/stm32cubeide_1.12.0/plugins/com.st.stm32cube.ide.mcu.externaltools.gnu-tools-for-stm32.10.3-2021.10.linux64_1.0.200.202301161003/tools/bin/../lib/gcc/arm-none-eabi/10.3.1/thumb/v7e-m+fp/hard/crti.o
                0x000000000800314c                _fini
 .fini          0x0000000008003150        0x8 /opt/st/stm32cubeide_1.12.0/plugins/com.st.stm32cube.ide.mcu.externaltools.gnu-tools-for-stm32.10.3-2021.10.linux64_1.0.200.202301161003/tools/bin/../lib/gcc/arm-none-eabi/10.3.1/thumb/v7e-m+fp/hard/crtn.o
                0x0000000008003158                . = ALIGN (0x4)
                0x0000000008003158                _etext = .

.vfp11_veneer   0x0000000008003158        0x0
 .vfp11_veneer  0x0000000008003158        0x0 linker stubs

.v4_bx          0x0000000008003158        0x0
 .v4_bx         0x0000000008003158        0x0 linker stubs

.iplt           0x0000000008003158        0x0
 .iplt          0x0000000008003158        0x0 /opt/st/stm32cubeide_1.12.0/plugins/com.st.stm32cube.ide.mcu.externaltools.gnu-tools-for-stm32.10.3-2021.10.linux64_1.0.200.202301161003/tools/bin/../lib/gcc/arm-none-eabi/10.3.1/thumb/v7e-m+fp/hard/crtbegin.o

.rodata         0x0000000008003158       0x18
                0x0000000008003158                . = ALIGN (0x4)
 *(.rodata)
 *(.rodata*)
 .rodata.AHBPrescTable
                0x0000000008003158       0x10 ./Core/Src/system_stm32f4xx.o
                0x0000000008003158                AHBPrescTable
 .rodata.APBPrescTable
                0x0000000008003168        0x8 ./Core/Src/system_stm32f4xx.o
                0x0000000008003168                APBPrescTable
                0x0000000008003170                . = ALIGN (0x4)

.ARM.extab      0x0000000008003170        0x0
                0x0000000008003170                . = ALIGN (0x4)
 *(.ARM.extab* .gnu.linkonce.armextab.*)
                0x0000000008003170                . = ALIGN (0x4)

.ARM            0x0000000008003170        0x8
                0x0000000008003170                . = ALIGN (0x4)
                0x0000000008003170                __exidx_start = .
 *(.ARM.exidx*)
 .ARM.exidx     0x0000000008003170        0x8 /opt/st/stm32cubeide_1.12.0/plugins/com.st.stm32cube.ide.mcu.externaltools.gnu-tools-for-stm32.10.3-2021.10.linux64_1.0.200.202301161003/tools/bin/../lib/gcc/arm-none-eabi/10.3.1/thumb/v7e-m+fp/hard/libgcc.a(_udivmoddi4.o)
                0x0000000008003178                __exidx_end = .
                0x0000000008003178                . = ALIGN (0x4)

.rel.dyn        0x0000000008003178        0x0
 .rel.iplt      0x0000000008003178        0x0 /opt/st/stm32cubeide_1.12.0/plugins/com.st.stm32cube.ide.mcu.externaltools.gnu-tools-for-stm32.10.3-2021.10.linux64_1.0.200.202301161003/tools/bin/../lib/gcc/arm-none-eabi/10.3.1/thumb/v7e-m+fp/hard/crtbegin.o

.preinit_array  0x0000000008003178        0x0
                0x0000000008003178                . = ALIGN (0x4)
                0x0000000008003178                PROVIDE (__preinit_array_start = .)
 *(.preinit_array*)
                0x0000000008003178                PROVIDE (__preinit_array_end = .)
                0x0000000008003178                . = ALIGN (0x4)

.init_array     0x0000000008003178        0x4
                0x0000000008003178                . = ALIGN (0x4)
                0x0000000008003178                PROVIDE (__init_array_start = .)
 *(SORT_BY_NAME(.init_array.*))
 *(.init_array*)
 .init_array    0x0000000008003178        0x4 /opt/st/stm32cubeide_1.12.0/plugins/com.st.stm32cube.ide.mcu.externaltools.gnu-tools-for-stm32.10.3-2021.10.linux64_1.0.200.202301161003/tools/bin/../lib/gcc/arm-none-eabi/10.3.1/thumb/v7e-m+fp/hard/crtbegin.o
                0x000000000800317c                PROVIDE (__init_array_end = .)
                0x000000000800317c                . = ALIGN (0x4)

.fini_array     0x000000000800317c        0x4
                0x000000000800317c                . = ALIGN (0x4)
                [!provide]                        PROVIDE (__fini_array_start = .)
 *(SORT_BY_NAME(.fini_array.*))
 *(.fini_array*)
 .fini_array    0x000000000800317c        0x4 /opt/st/stm32cubeide_1.12.0/plugins/com.st.stm32cube.ide.mcu.externaltools.gnu-tools-for-stm32.10.3-2021.10.linux64_1.0.200.202301161003/tools/bin/../lib/gcc/arm-none-eabi/10.3.1/thumb/v7e-m+fp/hard/crtbegin.o
                [!provide]                        PROVIDE (__fini_array_end = .)
                0x0000000008003180                . = ALIGN (0x4)
                0x0000000008003180                _sidata = LOADADDR (.data)

.data           0x0000000020000000        0xc load address 0x0000000008003180
                0x0000000020000000                . = ALIGN (0x4)
                0x0000000020000000                _sdata = .
 *(.data)
 *(.data*)
 .data.SystemCoreClock
                0x0000000020000000        0x4 ./Core/Src/system_stm32f4xx.o
                0x0000000020000000                SystemCoreClock
 .data.uwTickPrio
                0x0000000020000004        0x4 ./Drivers/STM32F4xx_HAL_Driver/stm32f4xx_hal.o
                0x0000000020000004                uwTickPrio
 .data.uwTickFreq
                0x0000000020000008        0x1 ./Drivers/STM32F4xx_HAL_Driver/stm32f4xx_hal.o
                0x0000000020000008                uwTickFreq
 *(.RamFunc)
 *(.RamFunc*)
                0x000000002000000c                . = ALIGN (0x4)
 *fill*         0x0000000020000009        0x3 
                0x000000002000000c                _edata = .
                0x000000000800318c                _siccmram = LOADADDR (.ccmram)

.igot.plt       0x000000002000000c        0x0 load address 0x000000000800318c
 .igot.plt      0x000000002000000c        0x0 /opt/st/stm32cubeide_1.12.0/plugins/com.st.stm32cube.ide.mcu.externaltools.gnu-tools-for-stm32.10.3-2021.10.linux64_1.0.200.202301161003/tools/bin/../lib/gcc/arm-none-eabi/10.3.1/thumb/v7e-m+fp/hard/crtbegin.o

.ccmram         0x0000000010000000        0x0 load address 0x000000000800318c
                0x0000000010000000                . = ALIGN (0x4)
                0x0000000010000000                _sccmram = .
 *(.ccmram)
 *(.ccmram*)
                0x0000000010000000                . = ALIGN (0x4)
                0x0000000010000000                _eccmram = .
                0x0000000010000000                . = ALIGN (0x4)

.bss            0x000000002000000c      0x7a0
                0x000000002000000c                _sbss = .
                0x000000002000000c                __bss_start__ = _sbss
 *(.bss)
 .bss           0x000000002000000c       0x1c /opt/st/stm32cubeide_1.12.0/plugins/com.st.stm32cube.ide.mcu.externaltools.gnu-tools-for-stm32.10.3-2021.10.linux64_1.0.200.202301161003/tools/bin/../lib/gcc/arm-none-eabi/10.3.1/thumb/v7e-m+fp/hard/crtbegin.o
 *(.bss*)
 .bss.TxConfig  0x0000000020000028       0x38 ./Core/Src/main.o
                0x0000000020000028                TxConfig
 .bss.DMARxDscrTab
                0x0000000020000060       0xa0 ./Core/Src/main.o
                0x0000000020000060                DMARxDscrTab
 .bss.DMATxDscrTab
                0x0000000020000100       0xa0 ./Core/Src/main.o
                0x0000000020000100                DMATxDscrTab
 .bss.heth      0x00000000200001a0       0xb0 ./Core/Src/main.o
                0x00000000200001a0                heth
 .bss.huart3    0x0000000020000250       0x44 ./Core/Src/main.o
                0x0000000020000250                huart3
 .bss.hpcd_USB_OTG_FS
                0x0000000020000294      0x50c ./Core/Src/main.o
                0x0000000020000294                hpcd_USB_OTG_FS
 .bss.MACAddr.0
                0x00000000200007a0        0x6 ./Core/Src/main.o
 *fill*         0x00000000200007a6        0x2 
 .bss.uwTick    0x00000000200007a8        0x4 ./Drivers/STM32F4xx_HAL_Driver/stm32f4xx_hal.o
                0x00000000200007a8                uwTick
 *(COMMON)
                0x00000000200007ac                . = ALIGN (0x4)
                0x00000000200007ac                _ebss = .
                0x00000000200007ac                __bss_end__ = _ebss

._user_heap_stack
                0x00000000200007ac      0x604
                0x00000000200007b0                . = ALIGN (0x8)
 *fill*         0x00000000200007ac        0x4 
                [!provide]                        PROVIDE (end = .)
                0x00000000200007b0                PROVIDE (_end = .)
                0x00000000200009b0                . = (. + _Min_Heap_Size)
 *fill*         0x00000000200007b0      0x200 
                0x0000000020000db0                . = (. + _Min_Stack_Size)
 *fill*         0x00000000200009b0      0x400 
                0x0000000020000db0                . = ALIGN (0x8)

/DISCARD/
 libc.a(*)
 libm.a(*)
 libgcc.a(*)

.ARM.attributes
                0x0000000000000000       0x30
 *(.ARM.attributes)
 .ARM.attributes
                0x0000000000000000       0x1e /opt/st/stm32cubeide_1.12.0/plugins/com.st.stm32cube.ide.mcu.externaltools.gnu-tools-for-stm32.10.3-2021.10.linux64_1.0.200.202301161003/tools/bin/../lib/gcc/arm-none-eabi/10.3.1/thumb/v7e-m+fp/hard/crti.o
 .ARM.attributes
                0x000000000000001e       0x34 /opt/st/stm32cubeide_1.12.0/plugins/com.st.stm32cube.ide.mcu.externaltools.gnu-tools-for-stm32.10.3-2021.10.linux64_1.0.200.202301161003/tools/bin/../lib/gcc/arm-none-eabi/10.3.1/thumb/v7e-m+fp/hard/crtbegin.o
 .ARM.attributes
                0x0000000000000052       0x20 ./Core/Src/asm_func.o
 .ARM.attributes
                0x0000000000000072       0x34 ./Core/Src/main.o
 .ARM.attributes
                0x00000000000000a6       0x34 ./Core/Src/stm32f4xx_hal_msp.o
 .ARM.attributes
                0x00000000000000da       0x34 ./Core/Src/stm32f4xx_it.o
 .ARM.attributes
                0x000000000000010e       0x34 ./Core/Src/system_stm32f4xx.o
 .ARM.attributes
                0x0000000000000142       0x21 ./Core/Startup/startup_stm32f429zitx.o
 .ARM.attributes
                0x0000000000000163       0x34 ./Drivers/STM32F4xx_HAL_Driver/stm32f4xx_hal.o
 .ARM.attributes
                0x0000000000000197       0x34 ./Drivers/STM32F4xx_HAL_Driver/stm32f4xx_hal_cortex.o
 .ARM.attributes
                0x00000000000001cb       0x34 ./Drivers/STM32F4xx_HAL_Driver/stm32f4xx_hal_eth.o
 .ARM.attributes
                0x00000000000001ff       0x34 ./Drivers/STM32F4xx_HAL_Driver/stm32f4xx_hal_gpio.o
 .ARM.attributes
                0x0000000000000233       0x34 ./Drivers/STM32F4xx_HAL_Driver/stm32f4xx_hal_pcd.o
 .ARM.attributes
                0x0000000000000267       0x34 ./Drivers/STM32F4xx_HAL_Driver/stm32f4xx_hal_rcc.o
 .ARM.attributes
                0x000000000000029b       0x34 ./Drivers/STM32F4xx_HAL_Driver/stm32f4xx_hal_uart.o
 .ARM.attributes
                0x00000000000002cf       0x34 ./Drivers/STM32F4xx_HAL_Driver/stm32f4xx_ll_usb.o
 .ARM.attributes
                0x0000000000000303       0x34 /opt/st/stm32cubeide_1.12.0/plugins/com.st.stm32cube.ide.mcu.externaltools.gnu-tools-for-stm32.10.3-2021.10.linux64_1.0.200.202301161003/tools/bin/../lib/gcc/arm-none-eabi/10.3.1/../../../../arm-none-eabi/lib/thumb/v7e-m+fp/hard/libc_nano.a(lib_a-init.o)
 .ARM.attributes
                0x0000000000000337       0x34 /opt/st/stm32cubeide_1.12.0/plugins/com.st.stm32cube.ide.mcu.externaltools.gnu-tools-for-stm32.10.3-2021.10.linux64_1.0.200.202301161003/tools/bin/../lib/gcc/arm-none-eabi/10.3.1/../../../../arm-none-eabi/lib/thumb/v7e-m+fp/hard/libc_nano.a(lib_a-memset.o)
 .ARM.attributes
                0x000000000000036b       0x1e /opt/st/stm32cubeide_1.12.0/plugins/com.st.stm32cube.ide.mcu.externaltools.gnu-tools-for-stm32.10.3-2021.10.linux64_1.0.200.202301161003/tools/bin/../lib/gcc/arm-none-eabi/10.3.1/thumb/v7e-m+fp/hard/libgcc.a(_aeabi_uldivmod.o)
 .ARM.attributes
                0x0000000000000389       0x34 /opt/st/stm32cubeide_1.12.0/plugins/com.st.stm32cube.ide.mcu.externaltools.gnu-tools-for-stm32.10.3-2021.10.linux64_1.0.200.202301161003/tools/bin/../lib/gcc/arm-none-eabi/10.3.1/thumb/v7e-m+fp/hard/libgcc.a(_udivmoddi4.o)
 .ARM.attributes
                0x00000000000003bd       0x1e /opt/st/stm32cubeide_1.12.0/plugins/com.st.stm32cube.ide.mcu.externaltools.gnu-tools-for-stm32.10.3-2021.10.linux64_1.0.200.202301161003/tools/bin/../lib/gcc/arm-none-eabi/10.3.1/thumb/v7e-m+fp/hard/libgcc.a(_dvmd_tls.o)
 .ARM.attributes
                0x00000000000003db       0x1e /opt/st/stm32cubeide_1.12.0/plugins/com.st.stm32cube.ide.mcu.externaltools.gnu-tools-for-stm32.10.3-2021.10.linux64_1.0.200.202301161003/tools/bin/../lib/gcc/arm-none-eabi/10.3.1/thumb/v7e-m+fp/hard/crtn.o
OUTPUT(adm_c16.elf elf32-littlearm)
LOAD linker stubs
LOAD /opt/st/stm32cubeide_1.12.0/plugins/com.st.stm32cube.ide.mcu.externaltools.gnu-tools-for-stm32.10.3-2021.10.linux64_1.0.200.202301161003/tools/bin/../lib/gcc/arm-none-eabi/10.3.1/../../../../arm-none-eabi/lib/thumb/v7e-m+fp/hard/libc.a
LOAD /opt/st/stm32cubeide_1.12.0/plugins/com.st.stm32cube.ide.mcu.externaltools.gnu-tools-for-stm32.10.3-2021.10.linux64_1.0.200.202301161003/tools/bin/../lib/gcc/arm-none-eabi/10.3.1/../../../../arm-none-eabi/lib/thumb/v7e-m+fp/hard/libm.a
LOAD /opt/st/stm32cubeide_1.12.0/plugins/com.st.stm32cube.ide.mcu.externaltools.gnu-tools-for-stm32.10.3-2021.10.linux64_1.0.200.202301161003/tools/bin/../lib/gcc/arm-none-eabi/10.3.1/thumb/v7e-m+fp/hard/libgcc.a

.debug_line     0x0000000000000000     0xd059
 .debug_line    0x0000000000000000       0x4b ./Core/Src/asm_func.o
 .debug_line    0x000000000000004b      0xb14 ./Core/Src/main.o
 .debug_line    0x0000000000000b5f      0x8f0 ./Core/Src/stm32f4xx_hal_msp.o
 .debug_line    0x000000000000144f      0x8a3 ./Core/Src/stm32f4xx_it.o
 .debug_line    0x0000000000001cf2      0x842 ./Core/Src/system_stm32f4xx.o
 .debug_line    0x0000000000002534       0x8a ./Core/Startup/startup_stm32f429zitx.o
 .debug_line    0x00000000000025be      0xb1b ./Drivers/STM32F4xx_HAL_Driver/stm32f4xx_hal.o
 .debug_line    0x00000000000030d9      0xd94 ./Drivers/STM32F4xx_HAL_Driver/stm32f4xx_hal_cortex.o
 .debug_line    0x0000000000003e6d     0x1a56 ./Drivers/STM32F4xx_HAL_Driver/stm32f4xx_hal_eth.o
 .debug_line    0x00000000000058c3      0xc81 ./Drivers/STM32F4xx_HAL_Driver/stm32f4xx_hal_gpio.o
 .debug_line    0x0000000000006544     0x1588 ./Drivers/STM32F4xx_HAL_Driver/stm32f4xx_hal_pcd.o
 .debug_line    0x0000000000007acc      0xe61 ./Drivers/STM32F4xx_HAL_Driver/stm32f4xx_hal_rcc.o
 .debug_line    0x000000000000892d     0x2b8a ./Drivers/STM32F4xx_HAL_Driver/stm32f4xx_hal_uart.o
 .debug_line    0x000000000000b4b7     0x1ba2 ./Drivers/STM32F4xx_HAL_Driver/stm32f4xx_ll_usb.o

.debug_info     0x0000000000000000     0xeaf7
 .debug_info    0x0000000000000000       0x26 ./Core/Src/asm_func.o
 .debug_info    0x0000000000000026     0x1d0b ./Core/Src/main.o
 .debug_info    0x0000000000001d31     0x1840 ./Core/Src/stm32f4xx_hal_msp.o
 .debug_info    0x0000000000003571      0x1b5 ./Core/Src/stm32f4xx_it.o
 .debug_info    0x0000000000003726      0x53f ./Core/Src/system_stm32f4xx.o
 .debug_info    0x0000000000003c65       0x22 ./Core/Startup/startup_stm32f429zitx.o
 .debug_info    0x0000000000003c87      0x9f4 ./Drivers/STM32F4xx_HAL_Driver/stm32f4xx_hal.o
 .debug_info    0x000000000000467b      0xe51 ./Drivers/STM32F4xx_HAL_Driver/stm32f4xx_hal_cortex.o
 .debug_info    0x00000000000054cc     0x223b ./Drivers/STM32F4xx_HAL_Driver/stm32f4xx_hal_eth.o
 .debug_info    0x0000000000007707      0x786 ./Drivers/STM32F4xx_HAL_Driver/stm32f4xx_hal_gpio.o
 .debug_info    0x0000000000007e8d     0x1695 ./Drivers/STM32F4xx_HAL_Driver/stm32f4xx_hal_pcd.o
 .debug_info    0x0000000000009522      0x982 ./Drivers/STM32F4xx_HAL_Driver/stm32f4xx_hal_rcc.o
 .debug_info    0x0000000000009ea4     0x31bc ./Drivers/STM32F4xx_HAL_Driver/stm32f4xx_hal_uart.o
 .debug_info    0x000000000000d060     0x1a97 ./Drivers/STM32F4xx_HAL_Driver/stm32f4xx_ll_usb.o

.debug_abbrev   0x0000000000000000     0x1cd1
 .debug_abbrev  0x0000000000000000       0x14 ./Core/Src/asm_func.o
 .debug_abbrev  0x0000000000000014      0x384 ./Core/Src/main.o
 .debug_abbrev  0x0000000000000398      0x23e ./Core/Src/stm32f4xx_hal_msp.o
 .debug_abbrev  0x00000000000005d6      0x12a ./Core/Src/stm32f4xx_it.o
 .debug_abbrev  0x0000000000000700      0x116 ./Core/Src/system_stm32f4xx.o
 .debug_abbrev  0x0000000000000816       0x12 ./Core/Startup/startup_stm32f429zitx.o
 .debug_abbrev  0x0000000000000828      0x20d ./Drivers/STM32F4xx_HAL_Driver/stm32f4xx_hal.o
 .debug_abbrev  0x0000000000000a35      0x316 ./Drivers/STM32F4xx_HAL_Driver/stm32f4xx_hal_cortex.o
 .debug_abbrev  0x0000000000000d4b      0x2d3 ./Drivers/STM32F4xx_HAL_Driver/stm32f4xx_hal_eth.o
 .debug_abbrev  0x000000000000101e      0x1c4 ./Drivers/STM32F4xx_HAL_Driver/stm32f4xx_hal_gpio.o
 .debug_abbrev  0x00000000000011e2      0x2bb ./Drivers/STM32F4xx_HAL_Driver/stm32f4xx_hal_pcd.o
 .debug_abbrev  0x000000000000149d      0x2aa ./Drivers/STM32F4xx_HAL_Driver/stm32f4xx_hal_rcc.o
 .debug_abbrev  0x0000000000001747      0x2f4 ./Drivers/STM32F4xx_HAL_Driver/stm32f4xx_hal_uart.o
 .debug_abbrev  0x0000000000001a3b      0x296 ./Drivers/STM32F4xx_HAL_Driver/stm32f4xx_ll_usb.o

.debug_aranges  0x0000000000000000      0xb38
 .debug_aranges
                0x0000000000000000       0x20 ./Core/Src/asm_func.o
 .debug_aranges
                0x0000000000000020       0x58 ./Core/Src/main.o
 .debug_aranges
                0x0000000000000078       0x50 ./Core/Src/stm32f4xx_hal_msp.o
 .debug_aranges
                0x00000000000000c8       0x60 ./Core/Src/stm32f4xx_it.o
 .debug_aranges
                0x0000000000000128       0x28 ./Core/Src/system_stm32f4xx.o
 .debug_aranges
                0x0000000000000150       0x28 ./Core/Startup/startup_stm32f429zitx.o
 .debug_aranges
                0x0000000000000178      0x100 ./Drivers/STM32F4xx_HAL_Driver/stm32f4xx_hal.o
 .debug_aranges
                0x0000000000000278      0x118 ./Drivers/STM32F4xx_HAL_Driver/stm32f4xx_hal_cortex.o
 .debug_aranges
                0x0000000000000390      0x1e0 ./Drivers/STM32F4xx_HAL_Driver/stm32f4xx_hal_eth.o
 .debug_aranges
                0x0000000000000570       0x58 ./Drivers/STM32F4xx_HAL_Driver/stm32f4xx_hal_gpio.o
 .debug_aranges
                0x00000000000005c8      0x148 ./Drivers/STM32F4xx_HAL_Driver/stm32f4xx_hal_pcd.o
 .debug_aranges
                0x0000000000000710       0x88 ./Drivers/STM32F4xx_HAL_Driver/stm32f4xx_hal_rcc.o
 .debug_aranges
                0x0000000000000798      0x200 ./Drivers/STM32F4xx_HAL_Driver/stm32f4xx_hal_uart.o
 .debug_aranges
                0x0000000000000998      0x1a0 ./Drivers/STM32F4xx_HAL_Driver/stm32f4xx_ll_usb.o

.debug_str      0x0000000000000000    0xd9577
 .debug_str     0x0000000000000000       0x63 ./Core/Src/asm_func.o
 .debug_str     0x0000000000000063    0xd5a56 ./Core/Src/main.o
                                      0xd5dff (size before relaxing)
 .debug_str     0x00000000000d5ab9       0xaf ./Core/Src/stm32f4xx_hal_msp.o
                                      0xd2c8e (size before relaxing)
 .debug_str     0x00000000000d5b68       0xc9 ./Core/Src/stm32f4xx_it.o
                                      0xd1e7f (size before relaxing)
 .debug_str     0x00000000000d5c31       0xdb ./Core/Src/system_stm32f4xx.o
                                      0xd1abc (size before relaxing)
 .debug_str     0x00000000000d5d0c       0x28 ./Core/Startup/startup_stm32f429zitx.o
                                         0x74 (size before relaxing)
 .debug_str     0x00000000000d5d34      0xbed ./Drivers/STM32F4xx_HAL_Driver/stm32f4xx_hal.o
                                      0xd271c (size before relaxing)
 .debug_str     0x00000000000d6921      0x385 ./Drivers/STM32F4xx_HAL_Driver/stm32f4xx_hal_cortex.o
                                      0xd2401 (size before relaxing)
 .debug_str     0x00000000000d6ca6     0x1227 ./Drivers/STM32F4xx_HAL_Driver/stm32f4xx_hal_eth.o
                                      0xd3386 (size before relaxing)
 .debug_str     0x00000000000d7ecd      0x11e ./Drivers/STM32F4xx_HAL_Driver/stm32f4xx_hal_gpio.o
                                      0xd1c74 (size before relaxing)
 .debug_str     0x00000000000d7feb      0x83a ./Drivers/STM32F4xx_HAL_Driver/stm32f4xx_hal_pcd.o
                                      0xd25a8 (size before relaxing)
 .debug_str     0x00000000000d8825      0x25c ./Drivers/STM32F4xx_HAL_Driver/stm32f4xx_hal_rcc.o
                                      0xd1f2d (size before relaxing)
 .debug_str     0x00000000000d8a81      0x67a ./Drivers/STM32F4xx_HAL_Driver/stm32f4xx_hal_uart.o
                                      0xd24b9 (size before relaxing)
 .debug_str     0x00000000000d90fb      0x47c ./Drivers/STM32F4xx_HAL_Driver/stm32f4xx_ll_usb.o
                                      0xd2410 (size before relaxing)

.debug_ranges   0x0000000000000000      0xa80
 .debug_ranges  0x0000000000000000       0x48 ./Core/Src/main.o
 .debug_ranges  0x0000000000000048       0x40 ./Core/Src/stm32f4xx_hal_msp.o
 .debug_ranges  0x0000000000000088       0x50 ./Core/Src/stm32f4xx_it.o
 .debug_ranges  0x00000000000000d8       0x18 ./Core/Src/system_stm32f4xx.o
 .debug_ranges  0x00000000000000f0       0x20 ./Core/Startup/startup_stm32f429zitx.o
 .debug_ranges  0x0000000000000110       0xf0 ./Drivers/STM32F4xx_HAL_Driver/stm32f4xx_hal.o
 .debug_ranges  0x0000000000000200      0x108 ./Drivers/STM32F4xx_HAL_Driver/stm32f4xx_hal_cortex.o
 .debug_ranges  0x0000000000000308      0x1d0 ./Drivers/STM32F4xx_HAL_Driver/stm32f4xx_hal_eth.o
 .debug_ranges  0x00000000000004d8       0x48 ./Drivers/STM32F4xx_HAL_Driver/stm32f4xx_hal_gpio.o
 .debug_ranges  0x0000000000000520      0x138 ./Drivers/STM32F4xx_HAL_Driver/stm32f4xx_hal_pcd.o
 .debug_ranges  0x0000000000000658       0x78 ./Drivers/STM32F4xx_HAL_Driver/stm32f4xx_hal_rcc.o
 .debug_ranges  0x00000000000006d0      0x220 ./Drivers/STM32F4xx_HAL_Driver/stm32f4xx_hal_uart.o
 .debug_ranges  0x00000000000008f0      0x190 ./Drivers/STM32F4xx_HAL_Driver/stm32f4xx_ll_usb.o

.debug_macro    0x0000000000000000    0x23b2f
 .debug_macro   0x0000000000000000      0x2c9 ./Core/Src/main.o
 .debug_macro   0x00000000000002c9      0xa78 ./Core/Src/main.o
 .debug_macro   0x0000000000000d41      0x2a1 ./Core/Src/main.o
 .debug_macro   0x0000000000000fe2       0x2e ./Core/Src/main.o
 .debug_macro   0x0000000000001010       0x28 ./Core/Src/main.o
 .debug_macro   0x0000000000001038       0x22 ./Core/Src/main.o
 .debug_macro   0x000000000000105a       0x8e ./Core/Src/main.o
 .debug_macro   0x00000000000010e8       0x51 ./Core/Src/main.o
 .debug_macro   0x0000000000001139      0x103 ./Core/Src/main.o
 .debug_macro   0x000000000000123c       0x6a ./Core/Src/main.o
 .debug_macro   0x00000000000012a6      0x1df ./Core/Src/main.o
 .debug_macro   0x0000000000001485       0x1c ./Core/Src/main.o
 .debug_macro   0x00000000000014a1       0x22 ./Core/Src/main.o
 .debug_macro   0x00000000000014c3       0xd9 ./Core/Src/main.o
 .debug_macro   0x000000000000159c     0x102d ./Core/Src/main.o
 .debug_macro   0x00000000000025c9      0x11f ./Core/Src/main.o
 .debug_macro   0x00000000000026e8    0x17fc0 ./Core/Src/main.o
 .debug_macro   0x000000000001a6a8       0x6d ./Core/Src/main.o
 .debug_macro   0x000000000001a715     0x36f5 ./Core/Src/main.o
 .debug_macro   0x000000000001de0a      0x174 ./Core/Src/main.o
 .debug_macro   0x000000000001df7e       0x5c ./Core/Src/main.o
 .debug_macro   0x000000000001dfda      0xca5 ./Core/Src/main.o
 .debug_macro   0x000000000001ec7f      0x9fe ./Core/Src/main.o
 .debug_macro   0x000000000001f67d      0x115 ./Core/Src/main.o
 .debug_macro   0x000000000001f792      0x156 ./Core/Src/main.o
 .debug_macro   0x000000000001f8e8       0xa5 ./Core/Src/main.o
 .debug_macro   0x000000000001f98d      0x182 ./Core/Src/main.o
 .debug_macro   0x000000000001fb0f      0x287 ./Core/Src/main.o
 .debug_macro   0x000000000001fd96       0x5f ./Core/Src/main.o
 .debug_macro   0x000000000001fdf5      0x236 ./Core/Src/main.o
 .debug_macro   0x000000000002002b      0xd44 ./Core/Src/main.o
 .debug_macro   0x0000000000020d6f      0x132 ./Core/Src/main.o
 .debug_macro   0x0000000000020ea1      0x41d ./Core/Src/main.o
 .debug_macro   0x00000000000212be       0x2e ./Core/Src/main.o
 .debug_macro   0x00000000000212ec      0x11a ./Core/Src/main.o
 .debug_macro   0x0000000000021406       0xe2 ./Core/Src/main.o
 .debug_macro   0x00000000000214e8       0x89 ./Core/Src/main.o
 .debug_macro   0x0000000000021571      0x295 ./Core/Src/main.o
 .debug_macro   0x0000000000021806      0x248 ./Core/Src/main.o
 .debug_macro   0x0000000000021a4e       0xba ./Core/Src/main.o
 .debug_macro   0x0000000000021b08      0x134 ./Core/Src/main.o
 .debug_macro   0x0000000000021c3c      0x130 ./Core/Src/main.o
 .debug_macro   0x0000000000021d6c       0x52 ./Core/Src/main.o
 .debug_macro   0x0000000000021dbe       0x1e ./Core/Src/main.o
 .debug_macro   0x0000000000021ddc       0x3c ./Core/Src/main.o
 .debug_macro   0x0000000000021e18       0x34 ./Core/Src/main.o
 .debug_macro   0x0000000000021e4c       0x16 ./Core/Src/main.o
 .debug_macro   0x0000000000021e62       0x43 ./Core/Src/main.o
 .debug_macro   0x0000000000021ea5       0x34 ./Core/Src/main.o
 .debug_macro   0x0000000000021ed9       0x10 ./Core/Src/main.o
 .debug_macro   0x0000000000021ee9       0x58 ./Core/Src/main.o
 .debug_macro   0x0000000000021f41       0x71 ./Core/Src/main.o
 .debug_macro   0x0000000000021fb2       0x1c ./Core/Src/main.o
 .debug_macro   0x0000000000021fce      0x12a ./Core/Src/main.o
 .debug_macro   0x00000000000220f8      0x341 ./Core/Src/main.o
 .debug_macro   0x0000000000022439       0x10 ./Core/Src/main.o
 .debug_macro   0x0000000000022449       0x35 ./Core/Src/main.o
 .debug_macro   0x000000000002247e       0x20 ./Core/Src/main.o
 .debug_macro   0x000000000002249e      0x1f7 ./Core/Src/stm32f4xx_hal_msp.o
 .debug_macro   0x0000000000022695      0x201 ./Core/Src/stm32f4xx_it.o
 .debug_macro   0x0000000000022896      0x1e8 ./Core/Src/system_stm32f4xx.o
 .debug_macro   0x0000000000022a7e      0x248 ./Drivers/STM32F4xx_HAL_Driver/stm32f4xx_hal.o
 .debug_macro   0x0000000000022cc6      0x1e8 ./Drivers/STM32F4xx_HAL_Driver/stm32f4xx_hal_cortex.o
 .debug_macro   0x0000000000022eae      0x2c2 ./Drivers/STM32F4xx_HAL_Driver/stm32f4xx_hal_eth.o
 .debug_macro   0x0000000000023170      0x1ee ./Drivers/STM32F4xx_HAL_Driver/stm32f4xx_hal_gpio.o
 .debug_macro   0x000000000002335e      0x1f4 ./Drivers/STM32F4xx_HAL_Driver/stm32f4xx_hal_pcd.o
 .debug_macro   0x0000000000023552      0x20c ./Drivers/STM32F4xx_HAL_Driver/stm32f4xx_hal_rcc.o
 .debug_macro   0x000000000002375e      0x1e9 ./Drivers/STM32F4xx_HAL_Driver/stm32f4xx_hal_uart.o
 .debug_macro   0x0000000000023947      0x1e8 ./Drivers/STM32F4xx_HAL_Driver/stm32f4xx_ll_usb.o

.comment        0x0000000000000000       0x50
 .comment       0x0000000000000000       0x50 ./Core/Src/main.o
                                         0x51 (size before relaxing)
 .comment       0x0000000000000050       0x51 ./Core/Src/stm32f4xx_hal_msp.o
 .comment       0x0000000000000050       0x51 ./Core/Src/stm32f4xx_it.o
 .comment       0x0000000000000050       0x51 ./Core/Src/system_stm32f4xx.o
 .comment       0x0000000000000050       0x51 ./Drivers/STM32F4xx_HAL_Driver/stm32f4xx_hal.o
 .comment       0x0000000000000050       0x51 ./Drivers/STM32F4xx_HAL_Driver/stm32f4xx_hal_cortex.o
 .comment       0x0000000000000050       0x51 ./Drivers/STM32F4xx_HAL_Driver/stm32f4xx_hal_eth.o
 .comment       0x0000000000000050       0x51 ./Drivers/STM32F4xx_HAL_Driver/stm32f4xx_hal_gpio.o
 .comment       0x0000000000000050       0x51 ./Drivers/STM32F4xx_HAL_Driver/stm32f4xx_hal_pcd.o
 .comment       0x0000000000000050       0x51 ./Drivers/STM32F4xx_HAL_Driver/stm32f4xx_hal_rcc.o
 .comment       0x0000000000000050       0x51 ./Drivers/STM32F4xx_HAL_Driver/stm32f4xx_hal_uart.o
 .comment       0x0000000000000050       0x51 ./Drivers/STM32F4xx_HAL_Driver/stm32f4xx_ll_usb.o

.debug_frame    0x0000000000000000     0x2ef4
 .debug_frame   0x0000000000000000      0x108 ./Core/Src/main.o
 .debug_frame   0x0000000000000108      0x110 ./Core/Src/stm32f4xx_hal_msp.o
 .debug_frame   0x0000000000000218      0x10c ./Core/Src/stm32f4xx_it.o
 .debug_frame   0x0000000000000324       0x58 ./Core/Src/system_stm32f4xx.o
 .debug_frame   0x000000000000037c      0x3b4 ./Drivers/STM32F4xx_HAL_Driver/stm32f4xx_hal.o
 .debug_frame   0x0000000000000730      0x498 ./Drivers/STM32F4xx_HAL_Driver/stm32f4xx_hal_cortex.o
 .debug_frame   0x0000000000000bc8      0x898 ./Drivers/STM32F4xx_HAL_Driver/stm32f4xx_hal_eth.o
 .debug_frame   0x0000000000001460      0x14c ./Drivers/STM32F4xx_HAL_Driver/stm32f4xx_hal_gpio.o
 .debug_frame   0x00000000000015ac      0x5bc ./Drivers/STM32F4xx_HAL_Driver/stm32f4xx_hal_pcd.o
 .debug_frame   0x0000000000001b68      0x1f4 ./Drivers/STM32F4xx_HAL_Driver/stm32f4xx_hal_rcc.o
 .debug_frame   0x0000000000001d5c      0x92c ./Drivers/STM32F4xx_HAL_Driver/stm32f4xx_hal_uart.o
 .debug_frame   0x0000000000002688      0x7c0 ./Drivers/STM32F4xx_HAL_Driver/stm32f4xx_ll_usb.o
 .debug_frame   0x0000000000002e48       0x2c /opt/st/stm32cubeide_1.12.0/plugins/com.st.stm32cube.ide.mcu.externaltools.gnu-tools-for-stm32.10.3-2021.10.linux64_1.0.200.202301161003/tools/bin/../lib/gcc/arm-none-eabi/10.3.1/../../../../arm-none-eabi/lib/thumb/v7e-m+fp/hard/libc_nano.a(lib_a-init.o)
 .debug_frame   0x0000000000002e74       0x20 /opt/st/stm32cubeide_1.12.0/plugins/com.st.stm32cube.ide.mcu.externaltools.gnu-tools-for-stm32.10.3-2021.10.linux64_1.0.200.202301161003/tools/bin/../lib/gcc/arm-none-eabi/10.3.1/../../../../arm-none-eabi/lib/thumb/v7e-m+fp/hard/libc_nano.a(lib_a-memset.o)
 .debug_frame   0x0000000000002e94       0x2c /opt/st/stm32cubeide_1.12.0/plugins/com.st.stm32cube.ide.mcu.externaltools.gnu-tools-for-stm32.10.3-2021.10.linux64_1.0.200.202301161003/tools/bin/../lib/gcc/arm-none-eabi/10.3.1/thumb/v7e-m+fp/hard/libgcc.a(_aeabi_uldivmod.o)
 .debug_frame   0x0000000000002ec0       0x34 /opt/st/stm32cubeide_1.12.0/plugins/com.st.stm32cube.ide.mcu.externaltools.gnu-tools-for-stm32.10.3-2021.10.linux64_1.0.200.202301161003/tools/bin/../lib/gcc/arm-none-eabi/10.3.1/thumb/v7e-m+fp/hard/libgcc.a(_udivmoddi4.o)
