/home/palmaventura/STM32Cube/Repository/STM32Cube<em>FW<em>F4<em>V1.27.1/Drivers/STM32F4xx<em>HAL<em>Driver/Src/stm32f4xx<em>hal<em>rcc.c:200:26:HAL<em>RCC<em>DeInit	4	static
/home/palmaventura/STM32Cube/Repository/STM32Cube<em>FW<em>F4<em>V1.27.1/Drivers/STM32F4xx<em>HAL<em>Driver/Src/stm32f4xx<em>hal<em>rcc.c:219:26:HAL<em>RCC<em>OscConfig	32	static
/home/palmaventura/STM32Cube/Repository/STM32Cube<em>FW<em>F4<em>V1.27.1/Drivers/STM32F4xx<em>HAL<em>Driver/Src/stm32f4xx<em>hal<em>rcc.c:591:19:HAL<em>RCC<em>ClockConfig	24	static
/home/palmaventura/STM32Cube/Repository/STM32Cube<em>FW<em>F4<em>V1.27.1/Drivers/STM32F4xx<em>HAL<em>Driver/Src/stm32f4xx<em>hal<em>rcc.c:775:6:HAL<em>RCC<em>MCOConfig	56	static
/home/palmaventura/STM32Cube/Repository/STM32Cube<em>FW<em>F4<em>V1.27.1/Drivers/STM32F4xx<em>HAL<em>Driver/Src/stm32f4xx<em>hal<em>rcc.c:841:6:HAL<em>RCC<em>EnableCSS	4	static
/home/palmaventura/STM32Cube/Repository/STM32Cube<em>FW<em>F4<em>V1.27.1/Drivers/STM32F4xx<em>HAL<em>Driver/Src/stm32f4xx<em>hal<em>rcc.c:850:6:HAL<em>RCC<em>DisableCSS	4	static
/home/palmaventura/STM32Cube/Repository/STM32Cube<em>FW<em>F4<em>V1.27.1/Drivers/STM32F4xx<em>HAL<em>Driver/Src/stm32f4xx<em>hal<em>rcc.c:885:17:HAL<em>RCC<em>GetSysClockFreq	112	static
/home/palmaventura/STM32Cube/Repository/STM32Cube<em>FW<em>F4<em>V1.27.1/Drivers/STM32F4xx<em>HAL<em>Driver/Src/stm32f4xx<em>hal<em>rcc.c:941:10:HAL<em>RCC<em>GetHCLKFreq	4	static
/home/palmaventura/STM32Cube/Repository/STM32Cube<em>FW<em>F4<em>V1.27.1/Drivers/STM32F4xx<em>HAL<em>Driver/Src/stm32f4xx<em>hal<em>rcc.c:952:10:HAL<em>RCC<em>GetPCLK1Freq	8	static
/home/palmaventura/STM32Cube/Repository/STM32Cube<em>FW<em>F4<em>V1.27.1/Drivers/STM32F4xx<em>HAL<em>Driver/Src/stm32f4xx<em>hal<em>rcc.c:964:10:HAL<em>RCC<em>GetPCLK2Freq	8	static
/home/palmaventura/STM32Cube/Repository/STM32Cube<em>FW<em>F4<em>V1.27.1/Drivers/STM32F4xx<em>HAL<em>Driver/Src/stm32f4xx<em>hal<em>rcc.c:977:13:HAL<em>RCC<em>GetOscConfig	16	static
/home/palmaventura/STM32Cube/Repository/STM32Cube<em>FW<em>F4<em>V1.27.1/Drivers/STM32F4xx<em>HAL<em>Driver/Src/stm32f4xx<em>hal<em>rcc.c:1056:6:HAL<em>RCC<em>GetClockConfig	16	static
/home/palmaventura/STM32Cube/Repository/STM32Cube<em>FW<em>F4<em>V1.27.1/Drivers/STM32F4xx<em>HAL<em>Driver/Src/stm32f4xx<em>hal<em>rcc.c:1082:6:HAL<em>RCC<em>NMI<em>IRQHandler	8	static
/home/palmaventura/STM32Cube/Repository/STM32Cube<em>FW<em>F4<em>V1.27.1/Drivers/STM32F4xx<em>HAL<em>Driver/Src/stm32f4xx<em>hal<em>rcc.c:1099:13:HAL<em>RCC<em>CSSCallback	4	static
