/home/palmaventura/STM32Cube/Repository/STM32Cube<em>FW<em>F4<em>V1.27.1/Drivers/STM32F4xx<em>HAL<em>Driver/Src/stm32f4xx<em>hal<em>rcc<em>ex.c:2163:19:HAL<em>RCCEx<em>PeriphCLKConfig	32	static
/home/palmaventura/STM32Cube/Repository/STM32Cube<em>FW<em>F4<em>V1.27.1/Drivers/STM32F4xx<em>HAL<em>Driver/Src/stm32f4xx<em>hal<em>rcc<em>ex.c:2398:6:HAL<em>RCCEx<em>GetPeriphCLKConfig	24	static
/home/palmaventura/STM32Cube/Repository/STM32Cube<em>FW<em>F4<em>V1.27.1/Drivers/STM32F4xx<em>HAL<em>Driver/Src/stm32f4xx<em>hal<em>rcc<em>ex.c:2439:10:HAL<em>RCCEx<em>GetPeriphCLKFreq	32	static
/home/palmaventura/STM32Cube/Repository/STM32Cube<em>FW<em>F4<em>V1.27.1/Drivers/STM32F4xx<em>HAL<em>Driver/Src/stm32f4xx<em>hal<em>rcc<em>ex.c:2803:19:HAL<em>RCCEx<em>EnablePLLI2S	24	static
/home/palmaventura/STM32Cube/Repository/STM32Cube<em>FW<em>F4<em>V1.27.1/Drivers/STM32F4xx<em>HAL<em>Driver/Src/stm32f4xx<em>hal<em>rcc<em>ex.c:2886:19:HAL<em>RCCEx<em>DisablePLLI2S	16	static
/home/palmaventura/STM32Cube/Repository/STM32Cube<em>FW<em>F4<em>V1.27.1/Drivers/STM32F4xx<em>HAL<em>Driver/Src/stm32f4xx<em>hal<em>rcc<em>ex.c:2916:19:HAL<em>RCCEx<em>EnablePLLSAI	24	static
/home/palmaventura/STM32Cube/Repository/STM32Cube<em>FW<em>F4<em>V1.27.1/Drivers/STM32F4xx<em>HAL<em>Driver/Src/stm32f4xx<em>hal<em>rcc<em>ex.c:2990:19:HAL<em>RCCEx<em>DisablePLLSAI	16	static
/home/palmaventura/STM32Cube/Repository/STM32Cube<em>FW<em>F4<em>V1.27.1/Drivers/STM32F4xx<em>HAL<em>Driver/Src/stm32f4xx<em>hal<em>rcc<em>ex.c:3143:19:HAL<em>RCC<em>DeInit	16	static
