/home/palmaventura/STM32Cube/Repository/STM32Cube<em>FW<em>F4<em>V1.27.1/Drivers/STM32F4xx<em>HAL<em>Driver/Src/stm32f4xx<em>hal<em>pwr<em>ex.c:141:19:HAL<em>PWREx<em>EnableBkUpReg	16	static
/home/palmaventura/STM32Cube/Repository/STM32Cube<em>FW<em>F4<em>V1.27.1/Drivers/STM32F4xx<em>HAL<em>Driver/Src/stm32f4xx<em>hal<em>pwr<em>ex.c:165:19:HAL<em>PWREx<em>DisableBkUpReg	16	static
/home/palmaventura/STM32Cube/Repository/STM32Cube<em>FW<em>F4<em>V1.27.1/Drivers/STM32F4xx<em>HAL<em>Driver/Src/stm32f4xx<em>hal<em>pwr<em>ex.c:189:6:HAL<em>PWREx<em>EnableFlashPowerDown	4	static
/home/palmaventura/STM32Cube/Repository/STM32Cube<em>FW<em>F4<em>V1.27.1/Drivers/STM32F4xx<em>HAL<em>Driver/Src/stm32f4xx<em>hal<em>pwr<em>ex.c:198:6:HAL<em>PWREx<em>DisableFlashPowerDown	4	static
/home/palmaventura/STM32Cube/Repository/STM32Cube<em>FW<em>F4<em>V1.27.1/Drivers/STM32F4xx<em>HAL<em>Driver/Src/stm32f4xx<em>hal<em>pwr<em>ex.c:211:10:HAL<em>PWREx<em>GetVoltageRange	4	static
/home/palmaventura/STM32Cube/Repository/STM32Cube<em>FW<em>F4<em>V1.27.1/Drivers/STM32F4xx<em>HAL<em>Driver/Src/stm32f4xx<em>hal<em>pwr<em>ex.c:288:19:HAL<em>PWREx<em>ControlVoltageScaling	32	static
/home/palmaventura/STM32Cube/Repository/STM32Cube<em>FW<em>F4<em>V1.27.1/Drivers/STM32F4xx<em>HAL<em>Driver/Src/stm32f4xx<em>hal<em>pwr<em>ex.c:413:19:HAL<em>PWREx<em>EnableOverDrive	16	static
/home/palmaventura/STM32Cube/Repository/STM32Cube<em>FW<em>F4<em>V1.27.1/Drivers/STM32F4xx<em>HAL<em>Driver/Src/stm32f4xx<em>hal<em>pwr<em>ex.c:460:19:HAL<em>PWREx<em>DisableOverDrive	16	static
/home/palmaventura/STM32Cube/Repository/STM32Cube<em>FW<em>F4<em>V1.27.1/Drivers/STM32F4xx<em>HAL<em>Driver/Src/stm32f4xx<em>hal<em>pwr<em>ex.c:536:19:HAL<em>PWREx<em>EnterUnderDriveSTOPMode	24	static,ignoring<em>inline<em>asm
