/home/palmaventura/STM32Cube/Repository/STM32Cube<em>FW<em>F4<em>V1.27.1/Drivers/CMSIS/Include/core<em>cm4.h:1657:22:<em><em>NVIC<em>SetPriorityGrouping	24	static
/home/palmaventura/STM32Cube/Repository/STM32Cube<em>FW<em>F4<em>V1.27.1/Drivers/CMSIS/Include/core<em>cm4.h:1676:26:<em><em>NVIC<em>GetPriorityGrouping	4	static
/home/palmaventura/STM32Cube/Repository/STM32Cube<em>FW<em>F4<em>V1.27.1/Drivers/CMSIS/Include/core<em>cm4.h:1688:22:<em><em>NVIC<em>EnableIRQ	16	static
/home/palmaventura/STM32Cube/Repository/STM32Cube<em>FW<em>F4<em>V1.27.1/Drivers/CMSIS/Include/core<em>cm4.h:1724:22:<em><em>NVIC<em>DisableIRQ	16	static,ignoring<em>inline<em>asm
/home/palmaventura/STM32Cube/Repository/STM32Cube<em>FW<em>F4<em>V1.27.1/Drivers/CMSIS/Include/core<em>cm4.h:1743:26:<em><em>NVIC<em>GetPendingIRQ	16	static
/home/palmaventura/STM32Cube/Repository/STM32Cube<em>FW<em>F4<em>V1.27.1/Drivers/CMSIS/Include/core<em>cm4.h:1762:22:<em><em>NVIC<em>SetPendingIRQ	16	static
/home/palmaventura/STM32Cube/Repository/STM32Cube<em>FW<em>F4<em>V1.27.1/Drivers/CMSIS/Include/core<em>cm4.h:1777:22:<em><em>NVIC<em>ClearPendingIRQ	16	static
/home/palmaventura/STM32Cube/Repository/STM32Cube<em>FW<em>F4<em>V1.27.1/Drivers/CMSIS/Include/core<em>cm4.h:1794:26:<em><em>NVIC<em>GetActive	16	static
/home/palmaventura/STM32Cube/Repository/STM32Cube<em>FW<em>F4<em>V1.27.1/Drivers/CMSIS/Include/core<em>cm4.h:1816:22:<em><em>NVIC<em>SetPriority	16	static
/home/palmaventura/STM32Cube/Repository/STM32Cube<em>FW<em>F4<em>V1.27.1/Drivers/CMSIS/Include/core<em>cm4.h:1838:26:<em><em>NVIC<em>GetPriority	16	static
/home/palmaventura/STM32Cube/Repository/STM32Cube<em>FW<em>F4<em>V1.27.1/Drivers/CMSIS/Include/core<em>cm4.h:1863:26:NVIC<em>EncodePriority	40	static
/home/palmaventura/STM32Cube/Repository/STM32Cube<em>FW<em>F4<em>V1.27.1/Drivers/CMSIS/Include/core<em>cm4.h:1890:22:NVIC<em>DecodePriority	40	static
/home/palmaventura/STM32Cube/Repository/STM32Cube<em>FW<em>F4<em>V1.27.1/Drivers/CMSIS/Include/core<em>cm4.h:1939:34:<em><em>NVIC<em>SystemReset	4	static,ignoring<em>inline<em>asm
/home/palmaventura/STM32Cube/Repository/STM32Cube<em>FW<em>F4<em>V1.27.1/Drivers/CMSIS/Include/core<em>cm4.h:2022:26:SysTick<em>Config	16	static
/home/palmaventura/STM32Cube/Repository/STM32Cube<em>FW<em>F4<em>V1.27.1/Drivers/STM32F4xx<em>HAL<em>Driver/Src/stm32f4xx<em>hal<em>cortex.c:141:6:HAL<em>NVIC<em>SetPriorityGrouping	16	static
/home/palmaventura/STM32Cube/Repository/STM32Cube<em>FW<em>F4<em>V1.27.1/Drivers/STM32F4xx<em>HAL<em>Driver/Src/stm32f4xx<em>hal<em>cortex.c:163:6:HAL<em>NVIC<em>SetPriority	32	static
/home/palmaventura/STM32Cube/Repository/STM32Cube<em>FW<em>F4<em>V1.27.1/Drivers/STM32F4xx<em>HAL<em>Driver/Src/stm32f4xx<em>hal<em>cortex.c:185:6:HAL<em>NVIC<em>EnableIRQ	16	static
/home/palmaventura/STM32Cube/Repository/STM32Cube<em>FW<em>F4<em>V1.27.1/Drivers/STM32F4xx<em>HAL<em>Driver/Src/stm32f4xx<em>hal<em>cortex.c:201:6:HAL<em>NVIC<em>DisableIRQ	16	static
/home/palmaventura/STM32Cube/Repository/STM32Cube<em>FW<em>F4<em>V1.27.1/Drivers/STM32F4xx<em>HAL<em>Driver/Src/stm32f4xx<em>hal<em>cortex.c:214:6:HAL<em>NVIC<em>SystemReset	8	static
/home/palmaventura/STM32Cube/Repository/STM32Cube<em>FW<em>F4<em>V1.27.1/Drivers/STM32F4xx<em>HAL<em>Driver/Src/stm32f4xx<em>hal<em>cortex.c:227:10:HAL<em>SYSTICK<em>Config	16	static
/home/palmaventura/STM32Cube/Repository/STM32Cube<em>FW<em>F4<em>V1.27.1/Drivers/STM32F4xx<em>HAL<em>Driver/Src/stm32f4xx<em>hal<em>cortex.c:256:6:HAL<em>MPU<em>Disable	4	static,ignoring<em>inline<em>asm
/home/palmaventura/STM32Cube/Repository/STM32Cube<em>FW<em>F4<em>V1.27.1/Drivers/STM32F4xx<em>HAL<em>Driver/Src/stm32f4xx<em>hal<em>cortex.c:279:6:HAL<em>MPU<em>Enable	16	static,ignoring<em>inline<em>asm
/home/palmaventura/STM32Cube/Repository/STM32Cube<em>FW<em>F4<em>V1.27.1/Drivers/STM32F4xx<em>HAL<em>Driver/Src/stm32f4xx<em>hal<em>cortex.c:298:6:HAL<em>MPU<em>ConfigRegion	16	static
/home/palmaventura/STM32Cube/Repository/STM32Cube<em>FW<em>F4<em>V1.27.1/Drivers/STM32F4xx<em>HAL<em>Driver/Src/stm32f4xx<em>hal<em>cortex.c:342:10:HAL<em>NVIC<em>GetPriorityGrouping	8	static
/home/palmaventura/STM32Cube/Repository/STM32Cube<em>FW<em>F4<em>V1.27.1/Drivers/STM32F4xx<em>HAL<em>Driver/Src/stm32f4xx<em>hal<em>cortex.c:369:6:HAL<em>NVIC<em>GetPriority	24	static
/home/palmaventura/STM32Cube/Repository/STM32Cube<em>FW<em>F4<em>V1.27.1/Drivers/STM32F4xx<em>HAL<em>Driver/Src/stm32f4xx<em>hal<em>cortex.c:384:6:HAL<em>NVIC<em>SetPendingIRQ	16	static
/home/palmaventura/STM32Cube/Repository/STM32Cube<em>FW<em>F4<em>V1.27.1/Drivers/STM32F4xx<em>HAL<em>Driver/Src/stm32f4xx<em>hal<em>cortex.c:402:10:HAL<em>NVIC<em>GetPendingIRQ	16	static
/home/palmaventura/STM32Cube/Repository/STM32Cube<em>FW<em>F4<em>V1.27.1/Drivers/STM32F4xx<em>HAL<em>Driver/Src/stm32f4xx<em>hal<em>cortex.c:418:6:HAL<em>NVIC<em>ClearPendingIRQ	16	static
/home/palmaventura/STM32Cube/Repository/STM32Cube<em>FW<em>F4<em>V1.27.1/Drivers/STM32F4xx<em>HAL<em>Driver/Src/stm32f4xx<em>hal<em>cortex.c:435:10:HAL<em>NVIC<em>GetActive	16	static
/home/palmaventura/STM32Cube/Repository/STM32Cube<em>FW<em>F4<em>V1.27.1/Drivers/STM32F4xx<em>HAL<em>Driver/Src/stm32f4xx<em>hal<em>cortex.c:452:6:HAL<em>SYSTICK<em>CLKSourceConfig	16	static
/home/palmaventura/STM32Cube/Repository/STM32Cube<em>FW<em>F4<em>V1.27.1/Drivers/STM32F4xx<em>HAL<em>Driver/Src/stm32f4xx<em>hal<em>cortex.c:470:6:HAL<em>SYSTICK<em>IRQHandler	8	static
/home/palmaventura/STM32Cube/Repository/STM32Cube<em>FW<em>F4<em>V1.27.1/Drivers/STM32F4xx<em>HAL<em>Driver/Src/stm32f4xx<em>hal<em>cortex.c:479:13:HAL<em>SYSTICK<em>Callback	4	static
