/home/palmaventura/STM32Cube/Repository/STM32Cube<em>FW<em>F4<em>V1.27.1/Drivers/STM32F4xx<em>HAL<em>Driver/Src/stm32f4xx<em>hal<em>pwr.c:90:6:HAL<em>PWR<em>DeInit	4	static
/home/palmaventura/STM32Cube/Repository/STM32Cube<em>FW<em>F4<em>V1.27.1/Drivers/STM32F4xx<em>HAL<em>Driver/Src/stm32f4xx<em>hal<em>pwr.c:108:6:HAL<em>PWR<em>EnableBkUpAccess	16	static
/home/palmaventura/STM32Cube/Repository/STM32Cube<em>FW<em>F4<em>V1.27.1/Drivers/STM32F4xx<em>HAL<em>Driver/Src/stm32f4xx<em>hal<em>pwr.c:128:6:HAL<em>PWR<em>DisableBkUpAccess	16	static
/home/palmaventura/STM32Cube/Repository/STM32Cube<em>FW<em>F4<em>V1.27.1/Drivers/STM32F4xx<em>HAL<em>Driver/Src/stm32f4xx<em>hal<em>pwr.c:266:6:HAL<em>PWR<em>ConfigPVD	16	static
/home/palmaventura/STM32Cube/Repository/STM32Cube<em>FW<em>F4<em>V1.27.1/Drivers/STM32F4xx<em>HAL<em>Driver/Src/stm32f4xx<em>hal<em>pwr.c:309:6:HAL<em>PWR<em>EnablePVD	4	static
/home/palmaventura/STM32Cube/Repository/STM32Cube<em>FW<em>F4<em>V1.27.1/Drivers/STM32F4xx<em>HAL<em>Driver/Src/stm32f4xx<em>hal<em>pwr.c:318:6:HAL<em>PWR<em>DisablePVD	4	static
/home/palmaventura/STM32Cube/Repository/STM32Cube<em>FW<em>F4<em>V1.27.1/Drivers/STM32F4xx<em>HAL<em>Driver/Src/stm32f4xx<em>hal<em>pwr.c:332:6:HAL<em>PWR<em>EnableWakeUpPin	16	static
/home/palmaventura/STM32Cube/Repository/STM32Cube<em>FW<em>F4<em>V1.27.1/Drivers/STM32F4xx<em>HAL<em>Driver/Src/stm32f4xx<em>hal<em>pwr.c:350:6:HAL<em>PWR<em>DisableWakeUpPin	16	static
/home/palmaventura/STM32Cube/Repository/STM32Cube<em>FW<em>F4<em>V1.27.1/Drivers/STM32F4xx<em>HAL<em>Driver/Src/stm32f4xx<em>hal<em>pwr.c:379:6:HAL<em>PWR<em>EnterSLEEPMode	16	static,ignoring<em>inline<em>asm
/home/palmaventura/STM32Cube/Repository/STM32Cube<em>FW<em>F4<em>V1.27.1/Drivers/STM32F4xx<em>HAL<em>Driver/Src/stm32f4xx<em>hal<em>pwr.c:422:6:HAL<em>PWR<em>EnterSTOPMode	16	static,ignoring<em>inline<em>asm
/home/palmaventura/STM32Cube/Repository/STM32Cube<em>FW<em>F4<em>V1.27.1/Drivers/STM32F4xx<em>HAL<em>Driver/Src/stm32f4xx<em>hal<em>pwr.c:461:6:HAL<em>PWR<em>EnterSTANDBYMode	4	static,ignoring<em>inline<em>asm
/home/palmaventura/STM32Cube/Repository/STM32Cube<em>FW<em>F4<em>V1.27.1/Drivers/STM32F4xx<em>HAL<em>Driver/Src/stm32f4xx<em>hal<em>pwr.c:482:6:HAL<em>PWR<em>PVD<em>IRQHandler	8	static
/home/palmaventura/STM32Cube/Repository/STM32Cube<em>FW<em>F4<em>V1.27.1/Drivers/STM32F4xx<em>HAL<em>Driver/Src/stm32f4xx<em>hal<em>pwr.c:499:13:HAL<em>PWR<em>PVDCallback	4	static
/home/palmaventura/STM32Cube/Repository/STM32Cube<em>FW<em>F4<em>V1.27.1/Drivers/STM32F4xx<em>HAL<em>Driver/Src/stm32f4xx<em>hal<em>pwr.c:514:6:HAL<em>PWR<em>EnableSleepOnExit	4	static
/home/palmaventura/STM32Cube/Repository/STM32Cube<em>FW<em>F4<em>V1.27.1/Drivers/STM32F4xx<em>HAL<em>Driver/Src/stm32f4xx<em>hal<em>pwr.c:526:6:HAL<em>PWR<em>DisableSleepOnExit	4	static
/home/palmaventura/STM32Cube/Repository/STM32Cube<em>FW<em>F4<em>V1.27.1/Drivers/STM32F4xx<em>HAL<em>Driver/Src/stm32f4xx<em>hal<em>pwr.c:538:6:HAL<em>PWR<em>EnableSEVOnPend	4	static
/home/palmaventura/STM32Cube/Repository/STM32Cube<em>FW<em>F4<em>V1.27.1/Drivers/STM32F4xx<em>HAL<em>Driver/Src/stm32f4xx<em>hal<em>pwr.c:550:6:HAL<em>PWR<em>DisableSEVOnPend	4	static
