/home/palmaventura/STM32Cube/Repository/STM32Cube<em>FW<em>F4<em>V1.27.1/Drivers/STM32F4xx<em>HAL<em>Driver/Src/stm32f4xx<em>hal.c:157:19:HAL<em>Init	8	static
/home/palmaventura/STM32Cube/Repository/STM32Cube<em>FW<em>F4<em>V1.27.1/Drivers/STM32F4xx<em>HAL<em>Driver/Src/stm32f4xx<em>hal.c:190:19:HAL<em>DeInit	8	static
/home/palmaventura/STM32Cube/Repository/STM32Cube<em>FW<em>F4<em>V1.27.1/Drivers/STM32F4xx<em>HAL<em>Driver/Src/stm32f4xx<em>hal.c:219:13:HAL<em>MspInit	4	static
/home/palmaventura/STM32Cube/Repository/STM32Cube<em>FW<em>F4<em>V1.27.1/Drivers/STM32F4xx<em>HAL<em>Driver/Src/stm32f4xx<em>hal.c:230:13:HAL<em>MspDeInit	4	static
/home/palmaventura/STM32Cube/Repository/STM32Cube<em>FW<em>F4<em>V1.27.1/Drivers/STM32F4xx<em>HAL<em>Driver/Src/stm32f4xx<em>hal.c:253:26:HAL<em>InitTick	16	static
/home/palmaventura/STM32Cube/Repository/STM32Cube<em>FW<em>F4<em>V1.27.1/Drivers/STM32F4xx<em>HAL<em>Driver/Src/stm32f4xx<em>hal.c:312:13:HAL<em>IncTick	4	static
/home/palmaventura/STM32Cube/Repository/STM32Cube<em>FW<em>F4<em>V1.27.1/Drivers/STM32F4xx<em>HAL<em>Driver/Src/stm32f4xx<em>hal.c:323:17:HAL<em>GetTick	4	static
/home/palmaventura/STM32Cube/Repository/STM32Cube<em>FW<em>F4<em>V1.27.1/Drivers/STM32F4xx<em>HAL<em>Driver/Src/stm32f4xx<em>hal.c:332:10:HAL<em>GetTickPrio	4	static
/home/palmaventura/STM32Cube/Repository/STM32Cube<em>FW<em>F4<em>V1.27.1/Drivers/STM32F4xx<em>HAL<em>Driver/Src/stm32f4xx<em>hal.c:341:19:HAL<em>SetTickFreq	24	static
/home/palmaventura/STM32Cube/Repository/STM32Cube<em>FW<em>F4<em>V1.27.1/Drivers/STM32F4xx<em>HAL<em>Driver/Src/stm32f4xx<em>hal.c:373:21:HAL<em>GetTickFreq	4	static
/home/palmaventura/STM32Cube/Repository/STM32Cube<em>FW<em>F4<em>V1.27.1/Drivers/STM32F4xx<em>HAL<em>Driver/Src/stm32f4xx<em>hal.c:389:13:HAL<em>Delay	24	static
/home/palmaventura/STM32Cube/Repository/STM32Cube<em>FW<em>F4<em>V1.27.1/Drivers/STM32F4xx<em>HAL<em>Driver/Src/stm32f4xx<em>hal.c:415:13:HAL<em>SuspendTick	4	static
/home/palmaventura/STM32Cube/Repository/STM32Cube<em>FW<em>F4<em>V1.27.1/Drivers/STM32F4xx<em>HAL<em>Driver/Src/stm32f4xx<em>hal.c:431:13:HAL<em>ResumeTick	4	static
/home/palmaventura/STM32Cube/Repository/STM32Cube<em>FW<em>F4<em>V1.27.1/Drivers/STM32F4xx<em>HAL<em>Driver/Src/stm32f4xx<em>hal.c:441:10:HAL<em>GetHalVersion	4	static
/home/palmaventura/STM32Cube/Repository/STM32Cube<em>FW<em>F4<em>V1.27.1/Drivers/STM32F4xx<em>HAL<em>Driver/Src/stm32f4xx<em>hal.c:450:10:HAL<em>GetREVID	4	static
/home/palmaventura/STM32Cube/Repository/STM32Cube<em>FW<em>F4<em>V1.27.1/Drivers/STM32F4xx<em>HAL<em>Driver/Src/stm32f4xx<em>hal.c:459:10:HAL<em>GetDEVID	4	static
/home/palmaventura/STM32Cube/Repository/STM32Cube<em>FW<em>F4<em>V1.27.1/Drivers/STM32F4xx<em>HAL<em>Driver/Src/stm32f4xx<em>hal.c:468:6:HAL<em>DBGMCU<em>EnableDBGSleepMode	4	static
/home/palmaventura/STM32Cube/Repository/STM32Cube<em>FW<em>F4<em>V1.27.1/Drivers/STM32F4xx<em>HAL<em>Driver/Src/stm32f4xx<em>hal.c:477:6:HAL<em>DBGMCU<em>DisableDBGSleepMode	4	static
/home/palmaventura/STM32Cube/Repository/STM32Cube<em>FW<em>F4<em>V1.27.1/Drivers/STM32F4xx<em>HAL<em>Driver/Src/stm32f4xx<em>hal.c:486:6:HAL<em>DBGMCU<em>EnableDBGStopMode	4	static
/home/palmaventura/STM32Cube/Repository/STM32Cube<em>FW<em>F4<em>V1.27.1/Drivers/STM32F4xx<em>HAL<em>Driver/Src/stm32f4xx<em>hal.c:495:6:HAL<em>DBGMCU<em>DisableDBGStopMode	4	static
/home/palmaventura/STM32Cube/Repository/STM32Cube<em>FW<em>F4<em>V1.27.1/Drivers/STM32F4xx<em>HAL<em>Driver/Src/stm32f4xx<em>hal.c:504:6:HAL<em>DBGMCU<em>EnableDBGStandbyMode	4	static
/home/palmaventura/STM32Cube/Repository/STM32Cube<em>FW<em>F4<em>V1.27.1/Drivers/STM32F4xx<em>HAL<em>Driver/Src/stm32f4xx<em>hal.c:513:6:HAL<em>DBGMCU<em>DisableDBGStandbyMode	4	static
/home/palmaventura/STM32Cube/Repository/STM32Cube<em>FW<em>F4<em>V1.27.1/Drivers/STM32F4xx<em>HAL<em>Driver/Src/stm32f4xx<em>hal.c:524:6:HAL<em>EnableCompensationCell	4	static
/home/palmaventura/STM32Cube/Repository/STM32Cube<em>FW<em>F4<em>V1.27.1/Drivers/STM32F4xx<em>HAL<em>Driver/Src/stm32f4xx<em>hal.c:535:6:HAL<em>DisableCompensationCell	4	static
/home/palmaventura/STM32Cube/Repository/STM32Cube<em>FW<em>F4<em>V1.27.1/Drivers/STM32F4xx<em>HAL<em>Driver/Src/stm32f4xx<em>hal.c:544:10:HAL<em>GetUIDw0	4	static
/home/palmaventura/STM32Cube/Repository/STM32Cube<em>FW<em>F4<em>V1.27.1/Drivers/STM32F4xx<em>HAL<em>Driver/Src/stm32f4xx<em>hal.c:553:10:HAL<em>GetUIDw1	4	static
/home/palmaventura/STM32Cube/Repository/STM32Cube<em>FW<em>F4<em>V1.27.1/Drivers/STM32F4xx<em>HAL<em>Driver/Src/stm32f4xx<em>hal.c:562:10:HAL<em>GetUIDw2	4	static
/home/palmaventura/STM32Cube/Repository/STM32Cube<em>FW<em>F4<em>V1.27.1/Drivers/STM32F4xx<em>HAL<em>Driver/Src/stm32f4xx<em>hal.c:579:6:HAL<em>EnableMemorySwappingBank	4	static
/home/palmaventura/STM32Cube/Repository/STM32Cube<em>FW<em>F4<em>V1.27.1/Drivers/STM32F4xx<em>HAL<em>Driver/Src/stm32f4xx<em>hal.c:594:6:HAL<em>DisableMemorySwappingBank	4	static
