/home/palmaventura/STM32Cube/Repository/STM32Cube<em>FW<em>F4<em>V1.27.1/Drivers/STM32F4xx<em>HAL<em>Driver/Src/stm32f4xx<em>hal<em>uart.c:357:19:HAL<em>UART<em>Init	16	static
/home/palmaventura/STM32Cube/Repository/STM32Cube<em>FW<em>F4<em>V1.27.1/Drivers/STM32F4xx<em>HAL<em>Driver/Src/stm32f4xx<em>hal<em>uart.c:434:19:HAL<em>HalfDuplex<em>Init	16	static
/home/palmaventura/STM32Cube/Repository/STM32Cube<em>FW<em>F4<em>V1.27.1/Drivers/STM32F4xx<em>HAL<em>Driver/Src/stm32f4xx<em>hal<em>uart.c:507:19:HAL<em>LIN<em>Init	16	static
/home/palmaventura/STM32Cube/Repository/STM32Cube<em>FW<em>F4<em>V1.27.1/Drivers/STM32F4xx<em>HAL<em>Driver/Src/stm32f4xx<em>hal<em>uart.c:588:19:HAL<em>MultiProcessor<em>Init	24	static
/home/palmaventura/STM32Cube/Repository/STM32Cube<em>FW<em>F4<em>V1.27.1/Drivers/STM32F4xx<em>HAL<em>Driver/Src/stm32f4xx<em>hal<em>uart.c:665:19:HAL<em>UART<em>DeInit	16	static
/home/palmaventura/STM32Cube/Repository/STM32Cube<em>FW<em>F4<em>V1.27.1/Drivers/STM32F4xx<em>HAL<em>Driver/Src/stm32f4xx<em>hal<em>uart.c:710:13:HAL<em>UART<em>MspInit	16	static
/home/palmaventura/STM32Cube/Repository/STM32Cube<em>FW<em>F4<em>V1.27.1/Drivers/STM32F4xx<em>HAL<em>Driver/Src/stm32f4xx<em>hal<em>uart.c:725:13:HAL<em>UART<em>MspDeInit	16	static
/home/palmaventura/STM32Cube/Repository/STM32Cube<em>FW<em>F4<em>V1.27.1/Drivers/STM32F4xx<em>HAL<em>Driver/Src/stm32f4xx<em>hal<em>uart.c:1136:19:HAL<em>UART<em>Transmit	48	static
/home/palmaventura/STM32Cube/Repository/STM32Cube<em>FW<em>F4<em>V1.27.1/Drivers/STM32F4xx<em>HAL<em>Driver/Src/stm32f4xx<em>hal<em>uart.c:1224:19:HAL<em>UART<em>Receive	48	static
/home/palmaventura/STM32Cube/Repository/STM32Cube<em>FW<em>F4<em>V1.27.1/Drivers/STM32F4xx<em>HAL<em>Driver/Src/stm32f4xx<em>hal<em>uart.c:1315:19:HAL<em>UART<em>Transmit<em>IT	24	static
/home/palmaventura/STM32Cube/Repository/STM32Cube<em>FW<em>F4<em>V1.27.1/Drivers/STM32F4xx<em>HAL<em>Driver/Src/stm32f4xx<em>hal<em>uart.c:1360:19:HAL<em>UART<em>Receive<em>IT	24	static
/home/palmaventura/STM32Cube/Repository/STM32Cube<em>FW<em>F4<em>V1.27.1/Drivers/STM32F4xx<em>HAL<em>Driver/Src/stm32f4xx<em>hal<em>uart.c:1395:19:HAL<em>UART<em>Transmit<em>DMA	56	static,ignoring<em>inline<em>asm
/home/palmaventura/STM32Cube/Repository/STM32Cube<em>FW<em>F4<em>V1.27.1/Drivers/STM32F4xx<em>HAL<em>Driver/Src/stm32f4xx<em>hal<em>uart.c:1463:19:HAL<em>UART<em>Receive<em>DMA	24	static
/home/palmaventura/STM32Cube/Repository/STM32Cube<em>FW<em>F4<em>V1.27.1/Drivers/STM32F4xx<em>HAL<em>Driver/Src/stm32f4xx<em>hal<em>uart.c:1493:19:HAL<em>UART<em>DMAPause	120	static,ignoring<em>inline<em>asm
/home/palmaventura/STM32Cube/Repository/STM32Cube<em>FW<em>F4<em>V1.27.1/Drivers/STM32F4xx<em>HAL<em>Driver/Src/stm32f4xx<em>hal<em>uart.c:1530:19:HAL<em>UART<em>DMAResume	120	static,ignoring<em>inline<em>asm
/home/palmaventura/STM32Cube/Repository/STM32Cube<em>FW<em>F4<em>V1.27.1/Drivers/STM32F4xx<em>HAL<em>Driver/Src/stm32f4xx<em>hal<em>uart.c:1569:19:HAL<em>UART<em>DMAStop	72	static,ignoring<em>inline<em>asm
/home/palmaventura/STM32Cube/Repository/STM32Cube<em>FW<em>F4<em>V1.27.1/Drivers/STM32F4xx<em>HAL<em>Driver/Src/stm32f4xx<em>hal<em>uart.c:1624:19:HAL<em>UARTEx<em>ReceiveToIdle	40	static
/home/palmaventura/STM32Cube/Repository/STM32Cube<em>FW<em>F4<em>V1.27.1/Drivers/STM32F4xx<em>HAL<em>Driver/Src/stm32f4xx<em>hal<em>uart.c:1751:19:HAL<em>UARTEx<em>ReceiveToIdle<em>IT	56	static,ignoring<em>inline<em>asm
/home/palmaventura/STM32Cube/Repository/STM32Cube<em>FW<em>F4<em>V1.27.1/Drivers/STM32F4xx<em>HAL<em>Driver/Src/stm32f4xx<em>hal<em>uart.c:1812:19:HAL<em>UARTEx<em>ReceiveToIdle<em>DMA	56	static,ignoring<em>inline<em>asm
/home/palmaventura/STM32Cube/Repository/STM32Cube<em>FW<em>F4<em>V1.27.1/Drivers/STM32F4xx<em>HAL<em>Driver/Src/stm32f4xx<em>hal<em>uart.c:1869:19:HAL<em>UART<em>Abort	136	static,ignoring<em>inline<em>asm
/home/palmaventura/STM32Cube/Repository/STM32Cube<em>FW<em>F4<em>V1.27.1/Drivers/STM32F4xx<em>HAL<em>Driver/Src/stm32f4xx<em>hal<em>uart.c:1958:19:HAL<em>UART<em>AbortTransmit	64	static,ignoring<em>inline<em>asm
/home/palmaventura/STM32Cube/Repository/STM32Cube<em>FW<em>F4<em>V1.27.1/Drivers/STM32F4xx<em>HAL<em>Driver/Src/stm32f4xx<em>hal<em>uart.c:2009:19:HAL<em>UART<em>AbortReceive	112	static,ignoring<em>inline<em>asm
/home/palmaventura/STM32Cube/Repository/STM32Cube<em>FW<em>F4<em>V1.27.1/Drivers/STM32F4xx<em>HAL<em>Driver/Src/stm32f4xx<em>hal<em>uart.c:2070:19:HAL<em>UART<em>Abort<em>IT	144	static,ignoring<em>inline<em>asm
/home/palmaventura/STM32Cube/Repository/STM32Cube<em>FW<em>F4<em>V1.27.1/Drivers/STM32F4xx<em>HAL<em>Driver/Src/stm32f4xx<em>hal<em>uart.c:2205:19:HAL<em>UART<em>AbortTransmit<em>IT	64	static,ignoring<em>inline<em>asm
/home/palmaventura/STM32Cube/Repository/STM32Cube<em>FW<em>F4<em>V1.27.1/Drivers/STM32F4xx<em>HAL<em>Driver/Src/stm32f4xx<em>hal<em>uart.c:2282:19:HAL<em>UART<em>AbortReceive<em>IT	112	static,ignoring<em>inline<em>asm
/home/palmaventura/STM32Cube/Repository/STM32Cube<em>FW<em>F4<em>V1.27.1/Drivers/STM32F4xx<em>HAL<em>Driver/Src/stm32f4xx<em>hal<em>uart.c:2360:6:HAL<em>UART<em>IRQHandler	240	static,ignoring<em>inline<em>asm
/home/palmaventura/STM32Cube/Repository/STM32Cube<em>FW<em>F4<em>V1.27.1/Drivers/STM32F4xx<em>HAL<em>Driver/Src/stm32f4xx<em>hal<em>uart.c:2592:13:HAL<em>UART<em>TxCpltCallback	16	static
/home/palmaventura/STM32Cube/Repository/STM32Cube<em>FW<em>F4<em>V1.27.1/Drivers/STM32F4xx<em>HAL<em>Driver/Src/stm32f4xx<em>hal<em>uart.c:2607:13:HAL<em>UART<em>TxHalfCpltCallback	16	static
/home/palmaventura/STM32Cube/Repository/STM32Cube<em>FW<em>F4<em>V1.27.1/Drivers/STM32F4xx<em>HAL<em>Driver/Src/stm32f4xx<em>hal<em>uart.c:2622:13:HAL<em>UART<em>RxCpltCallback	16	static
/home/palmaventura/STM32Cube/Repository/STM32Cube<em>FW<em>F4<em>V1.27.1/Drivers/STM32F4xx<em>HAL<em>Driver/Src/stm32f4xx<em>hal<em>uart.c:2637:13:HAL<em>UART<em>RxHalfCpltCallback	16	static
/home/palmaventura/STM32Cube/Repository/STM32Cube<em>FW<em>F4<em>V1.27.1/Drivers/STM32F4xx<em>HAL<em>Driver/Src/stm32f4xx<em>hal<em>uart.c:2652:13:HAL<em>UART<em>ErrorCallback	16	static
/home/palmaventura/STM32Cube/Repository/STM32Cube<em>FW<em>F4<em>V1.27.1/Drivers/STM32F4xx<em>HAL<em>Driver/Src/stm32f4xx<em>hal<em>uart.c:2666:13:HAL<em>UART<em>AbortCpltCallback	16	static
/home/palmaventura/STM32Cube/Repository/STM32Cube<em>FW<em>F4<em>V1.27.1/Drivers/STM32F4xx<em>HAL<em>Driver/Src/stm32f4xx<em>hal<em>uart.c:2681:13:HAL<em>UART<em>AbortTransmitCpltCallback	16	static
/home/palmaventura/STM32Cube/Repository/STM32Cube<em>FW<em>F4<em>V1.27.1/Drivers/STM32F4xx<em>HAL<em>Driver/Src/stm32f4xx<em>hal<em>uart.c:2696:13:HAL<em>UART<em>AbortReceiveCpltCallback	16	static
/home/palmaventura/STM32Cube/Repository/STM32Cube<em>FW<em>F4<em>V1.27.1/Drivers/STM32F4xx<em>HAL<em>Driver/Src/stm32f4xx<em>hal<em>uart.c:2713:13:HAL<em>UARTEx<em>RxEventCallback	16	static
/home/palmaventura/STM32Cube/Repository/STM32Cube<em>FW<em>F4<em>V1.27.1/Drivers/STM32F4xx<em>HAL<em>Driver/Src/stm32f4xx<em>hal<em>uart.c:2753:19:HAL<em>LIN<em>SendBreak	40	static,ignoring<em>inline<em>asm
/home/palmaventura/STM32Cube/Repository/STM32Cube<em>FW<em>F4<em>V1.27.1/Drivers/STM32F4xx<em>HAL<em>Driver/Src/stm32f4xx<em>hal<em>uart.c:2780:19:HAL<em>MultiProcessor<em>EnterMuteMode	40	static,ignoring<em>inline<em>asm
/home/palmaventura/STM32Cube/Repository/STM32Cube<em>FW<em>F4<em>V1.27.1/Drivers/STM32F4xx<em>HAL<em>Driver/Src/stm32f4xx<em>hal<em>uart.c:2807:19:HAL<em>MultiProcessor<em>ExitMuteMode	40	static,ignoring<em>inline<em>asm
/home/palmaventura/STM32Cube/Repository/STM32Cube<em>FW<em>F4<em>V1.27.1/Drivers/STM32F4xx<em>HAL<em>Driver/Src/stm32f4xx<em>hal<em>uart.c:2834:19:HAL<em>HalfDuplex<em>EnableTransmitter	24	static
/home/palmaventura/STM32Cube/Repository/STM32Cube<em>FW<em>F4<em>V1.27.1/Drivers/STM32F4xx<em>HAL<em>Driver/Src/stm32f4xx<em>hal<em>uart.c:2869:19:HAL<em>HalfDuplex<em>EnableReceiver	24	static
/home/palmaventura/STM32Cube/Repository/STM32Cube<em>FW<em>F4<em>V1.27.1/Drivers/STM32F4xx<em>HAL<em>Driver/Src/stm32f4xx<em>hal<em>uart.c:2926:23:HAL<em>UART<em>GetState	24	static
/home/palmaventura/STM32Cube/Repository/STM32Cube<em>FW<em>F4<em>V1.27.1/Drivers/STM32F4xx<em>HAL<em>Driver/Src/stm32f4xx<em>hal<em>uart.c:2941:10:HAL<em>UART<em>GetError	16	static
/home/palmaventura/STM32Cube/Repository/STM32Cube<em>FW<em>F4<em>V1.27.1/Drivers/STM32F4xx<em>HAL<em>Driver/Src/stm32f4xx<em>hal<em>uart.c:2986:13:UART<em>DMATransmitCplt	72	static,ignoring<em>inline<em>asm
/home/palmaventura/STM32Cube/Repository/STM32Cube<em>FW<em>F4<em>V1.27.1/Drivers/STM32F4xx<em>HAL<em>Driver/Src/stm32f4xx<em>hal<em>uart.c:3021:13:UART<em>DMATxHalfCplt	24	static
/home/palmaventura/STM32Cube/Repository/STM32Cube<em>FW<em>F4<em>V1.27.1/Drivers/STM32F4xx<em>HAL<em>Driver/Src/stm32f4xx<em>hal<em>uart.c:3040:13:UART<em>DMAReceiveCplt	120	static,ignoring<em>inline<em>asm
/home/palmaventura/STM32Cube/Repository/STM32Cube<em>FW<em>F4<em>V1.27.1/Drivers/STM32F4xx<em>HAL<em>Driver/Src/stm32f4xx<em>hal<em>uart.c:3097:13:UART<em>DMARxHalfCplt	24	static
/home/palmaventura/STM32Cube/Repository/STM32Cube<em>FW<em>F4<em>V1.27.1/Drivers/STM32F4xx<em>HAL<em>Driver/Src/stm32f4xx<em>hal<em>uart.c:3132:13:UART<em>DMAError	24	static
/home/palmaventura/STM32Cube/Repository/STM32Cube<em>FW<em>F4<em>V1.27.1/Drivers/STM32F4xx<em>HAL<em>Driver/Src/stm32f4xx<em>hal<em>uart.c:3174:26:UART<em>WaitOnFlagUntilTimeout	72	static,ignoring<em>inline<em>asm
/home/palmaventura/STM32Cube/Repository/STM32Cube<em>FW<em>F4<em>V1.27.1/Drivers/STM32F4xx<em>HAL<em>Driver/Src/stm32f4xx<em>hal<em>uart.c:3213:19:UART<em>Start<em>Receive<em>IT	24	static
/home/palmaventura/STM32Cube/Repository/STM32Cube<em>FW<em>F4<em>V1.27.1/Drivers/STM32F4xx<em>HAL<em>Driver/Src/stm32f4xx<em>hal<em>uart.c:3251:19:UART<em>Start<em>Receive<em>DMA	104	static,ignoring<em>inline<em>asm
/home/palmaventura/STM32Cube/Repository/STM32Cube<em>FW<em>F4<em>V1.27.1/Drivers/STM32F4xx<em>HAL<em>Driver/Src/stm32f4xx<em>hal<em>uart.c:3304:13:UART<em>EndTxTransfer	40	static,ignoring<em>inline<em>asm
/home/palmaventura/STM32Cube/Repository/STM32Cube<em>FW<em>F4<em>V1.27.1/Drivers/STM32F4xx<em>HAL<em>Driver/Src/stm32f4xx<em>hal<em>uart.c:3318:13:UART<em>EndRxTransfer	88	static,ignoring<em>inline<em>asm
/home/palmaventura/STM32Cube/Repository/STM32Cube<em>FW<em>F4<em>V1.27.1/Drivers/STM32F4xx<em>HAL<em>Driver/Src/stm32f4xx<em>hal<em>uart.c:3342:13:UART<em>DMAAbortOnError	24	static
/home/palmaventura/STM32Cube/Repository/STM32Cube<em>FW<em>F4<em>V1.27.1/Drivers/STM32F4xx<em>HAL<em>Driver/Src/stm32f4xx<em>hal<em>uart.c:3366:13:UART<em>DMATxAbortCallback	24	static
/home/palmaventura/STM32Cube/Repository/STM32Cube<em>FW<em>F4<em>V1.27.1/Drivers/STM32F4xx<em>HAL<em>Driver/Src/stm32f4xx<em>hal<em>uart.c:3412:13:UART<em>DMARxAbortCallback	24	static
/home/palmaventura/STM32Cube/Repository/STM32Cube<em>FW<em>F4<em>V1.27.1/Drivers/STM32F4xx<em>HAL<em>Driver/Src/stm32f4xx<em>hal<em>uart.c:3458:13:UART<em>DMATxOnlyAbortCallback	24	static
/home/palmaventura/STM32Cube/Repository/STM32Cube<em>FW<em>F4<em>V1.27.1/Drivers/STM32F4xx<em>HAL<em>Driver/Src/stm32f4xx<em>hal<em>uart.c:3486:13:UART<em>DMARxOnlyAbortCallback	24	static
/home/palmaventura/STM32Cube/Repository/STM32Cube<em>FW<em>F4<em>V1.27.1/Drivers/STM32F4xx<em>HAL<em>Driver/Src/stm32f4xx<em>hal<em>uart.c:3512:26:UART<em>Transmit<em>IT	24	static
/home/palmaventura/STM32Cube/Repository/STM32Cube<em>FW<em>F4<em>V1.27.1/Drivers/STM32F4xx<em>HAL<em>Driver/Src/stm32f4xx<em>hal<em>uart.c:3552:26:UART<em>EndTransmit<em>IT	16	static
/home/palmaventura/STM32Cube/Repository/STM32Cube<em>FW<em>F4<em>V1.27.1/Drivers/STM32F4xx<em>HAL<em>Driver/Src/stm32f4xx<em>hal<em>uart.c:3577:26:UART<em>Receive<em>IT	56	static,ignoring<em>inline<em>asm
/home/palmaventura/STM32Cube/Repository/STM32Cube<em>FW<em>F4<em>V1.27.1/Drivers/STM32F4xx<em>HAL<em>Driver/Src/stm32f4xx<em>hal<em>uart.c:3675:13:UART<em>SetConfig	288	static
